Archive member included to satisfy reference by file (symbol)

/home/amilgeorge/altera/15.0/nios2eds/bin/gnu/H-x86_64-pc-linux-gnu/bin/../lib/gcc/nios2-elf/4.9.1/../../../../../H-x86_64-pc-linux-gnu/nios2-elf/lib/libc.a(lib_a-printf.o)
                              obj/default/main_cam_read.o (printf)
/home/amilgeorge/altera/15.0/nios2eds/bin/gnu/H-x86_64-pc-linux-gnu/bin/../lib/gcc/nios2-elf/4.9.1/../../../../../H-x86_64-pc-linux-gnu/nios2-elf/lib/libc.a(lib_a-vfprintf.o)
                              /home/amilgeorge/altera/15.0/nios2eds/bin/gnu/H-x86_64-pc-linux-gnu/bin/../lib/gcc/nios2-elf/4.9.1/../../../../../H-x86_64-pc-linux-gnu/nios2-elf/lib/libc.a(lib_a-printf.o) (___vfprintf_internal_r)
/home/amilgeorge/altera/15.0/nios2eds/bin/gnu/H-x86_64-pc-linux-gnu/bin/../lib/gcc/nios2-elf/4.9.1/../../../../../H-x86_64-pc-linux-gnu/nios2-elf/lib/libc.a(lib_a-wsetup.o)
                              /home/amilgeorge/altera/15.0/nios2eds/bin/gnu/H-x86_64-pc-linux-gnu/bin/../lib/gcc/nios2-elf/4.9.1/../../../../../H-x86_64-pc-linux-gnu/nios2-elf/lib/libc.a(lib_a-vfprintf.o) (__swsetup_r)
/home/amilgeorge/altera/15.0/nios2eds/bin/gnu/H-x86_64-pc-linux-gnu/bin/../lib/gcc/nios2-elf/4.9.1/../../../../../H-x86_64-pc-linux-gnu/nios2-elf/lib/libc.a(lib_a-dtoa.o)
                              /home/amilgeorge/altera/15.0/nios2eds/bin/gnu/H-x86_64-pc-linux-gnu/bin/../lib/gcc/nios2-elf/4.9.1/../../../../../H-x86_64-pc-linux-gnu/nios2-elf/lib/libc.a(lib_a-vfprintf.o) (_dtoa_r)
/home/amilgeorge/altera/15.0/nios2eds/bin/gnu/H-x86_64-pc-linux-gnu/bin/../lib/gcc/nios2-elf/4.9.1/../../../../../H-x86_64-pc-linux-gnu/nios2-elf/lib/libc.a(lib_a-fflush.o)
                              /home/amilgeorge/altera/15.0/nios2eds/bin/gnu/H-x86_64-pc-linux-gnu/bin/../lib/gcc/nios2-elf/4.9.1/../../../../../H-x86_64-pc-linux-gnu/nios2-elf/lib/libc.a(lib_a-vfprintf.o) (_fflush_r)
/home/amilgeorge/altera/15.0/nios2eds/bin/gnu/H-x86_64-pc-linux-gnu/bin/../lib/gcc/nios2-elf/4.9.1/../../../../../H-x86_64-pc-linux-gnu/nios2-elf/lib/libc.a(lib_a-findfp.o)
                              /home/amilgeorge/altera/15.0/nios2eds/bin/gnu/H-x86_64-pc-linux-gnu/bin/../lib/gcc/nios2-elf/4.9.1/../../../../../H-x86_64-pc-linux-gnu/nios2-elf/lib/libc.a(lib_a-vfprintf.o) (__sinit)
/home/amilgeorge/altera/15.0/nios2eds/bin/gnu/H-x86_64-pc-linux-gnu/bin/../lib/gcc/nios2-elf/4.9.1/../../../../../H-x86_64-pc-linux-gnu/nios2-elf/lib/libc.a(lib_a-freer.o)
                              /home/amilgeorge/altera/15.0/nios2eds/bin/gnu/H-x86_64-pc-linux-gnu/bin/../lib/gcc/nios2-elf/4.9.1/../../../../../H-x86_64-pc-linux-gnu/nios2-elf/lib/libc.a(lib_a-wsetup.o) (_free_r)
/home/amilgeorge/altera/15.0/nios2eds/bin/gnu/H-x86_64-pc-linux-gnu/bin/../lib/gcc/nios2-elf/4.9.1/../../../../../H-x86_64-pc-linux-gnu/nios2-elf/lib/libc.a(lib_a-fwalk.o)
                              /home/amilgeorge/altera/15.0/nios2eds/bin/gnu/H-x86_64-pc-linux-gnu/bin/../lib/gcc/nios2-elf/4.9.1/../../../../../H-x86_64-pc-linux-gnu/nios2-elf/lib/libc.a(lib_a-findfp.o) (_fwalk)
/home/amilgeorge/altera/15.0/nios2eds/bin/gnu/H-x86_64-pc-linux-gnu/bin/../lib/gcc/nios2-elf/4.9.1/../../../../../H-x86_64-pc-linux-gnu/nios2-elf/lib/libc.a(lib_a-impure.o)
                              /home/amilgeorge/altera/15.0/nios2eds/bin/gnu/H-x86_64-pc-linux-gnu/bin/../lib/gcc/nios2-elf/4.9.1/../../../../../H-x86_64-pc-linux-gnu/nios2-elf/lib/libc.a(lib_a-fflush.o) (_global_impure_ptr)
/home/amilgeorge/altera/15.0/nios2eds/bin/gnu/H-x86_64-pc-linux-gnu/bin/../lib/gcc/nios2-elf/4.9.1/../../../../../H-x86_64-pc-linux-gnu/nios2-elf/lib/libc.a(lib_a-locale.o)
                              /home/amilgeorge/altera/15.0/nios2eds/bin/gnu/H-x86_64-pc-linux-gnu/bin/../lib/gcc/nios2-elf/4.9.1/../../../../../H-x86_64-pc-linux-gnu/nios2-elf/lib/libc.a(lib_a-vfprintf.o) (_localeconv_r)
/home/amilgeorge/altera/15.0/nios2eds/bin/gnu/H-x86_64-pc-linux-gnu/bin/../lib/gcc/nios2-elf/4.9.1/../../../../../H-x86_64-pc-linux-gnu/nios2-elf/lib/libc.a(lib_a-makebuf.o)
                              /home/amilgeorge/altera/15.0/nios2eds/bin/gnu/H-x86_64-pc-linux-gnu/bin/../lib/gcc/nios2-elf/4.9.1/../../../../../H-x86_64-pc-linux-gnu/nios2-elf/lib/libc.a(lib_a-wsetup.o) (__smakebuf_r)
/home/amilgeorge/altera/15.0/nios2eds/bin/gnu/H-x86_64-pc-linux-gnu/bin/../lib/gcc/nios2-elf/4.9.1/../../../../../H-x86_64-pc-linux-gnu/nios2-elf/lib/libc.a(lib_a-mallocr.o)
                              /home/amilgeorge/altera/15.0/nios2eds/bin/gnu/H-x86_64-pc-linux-gnu/bin/../lib/gcc/nios2-elf/4.9.1/../../../../../H-x86_64-pc-linux-gnu/nios2-elf/lib/libc.a(lib_a-findfp.o) (_malloc_r)
/home/amilgeorge/altera/15.0/nios2eds/bin/gnu/H-x86_64-pc-linux-gnu/bin/../lib/gcc/nios2-elf/4.9.1/../../../../../H-x86_64-pc-linux-gnu/nios2-elf/lib/libc.a(lib_a-memchr.o)
                              /home/amilgeorge/altera/15.0/nios2eds/bin/gnu/H-x86_64-pc-linux-gnu/bin/../lib/gcc/nios2-elf/4.9.1/../../../../../H-x86_64-pc-linux-gnu/nios2-elf/lib/libc.a(lib_a-vfprintf.o) (memchr)
[...]
Memory Configuration

Name             Origin             Length             Attributes
reset            0x0000000000000000 0x0000000000000020
sdram            0x0000000000000020 0x0000000001ffffe0
*default*        0x0000000000000000 0xffffffffffffffff

Linker script and memory map

LOAD ../Camera_test_bsp//obj/HAL/src/crt0.o
LOAD obj/default/main.o
LOAD obj/default/main_cam_read.o
LOAD /home/amilgeorge/altera/15.0/nios2eds/bin/gnu/H-x86_64-pc-linux-gnu/bin/../lib/gcc/nios2-elf/4.9.1/../../../../../H-x86_64-pc-linux-gnu/nios2-elf/lib/libstdc++.a
LOAD /home/amilgeorge/altera/15.0/nios2eds/bin/gnu/H-x86_64-pc-linux-gnu/bin/../lib/gcc/nios2-elf/4.9.1/../../../../../H-x86_64-pc-linux-gnu/nios2-elf/lib/libm.a
LOAD /home/amilgeorge/altera/15.0/nios2eds/bin/gnu/H-x86_64-pc-linux-gnu/bin/../lib/gcc/nios2-elf/4.9.1/libgcc.a
START GROUP
LOAD /home/amilgeorge/altera/15.0/nios2eds/bin/gnu/H-x86_64-pc-linux-gnu/bin/../lib/gcc/nios2-elf/4.9.1/../../../../../H-x86_64-pc-linux-gnu/nios2-elf/lib/libc.a
LOAD /home/amilgeorge/altera/15.0/nios2eds/bin/gnu/H-x86_64-pc-linux-gnu/bin/../lib/gcc/nios2-elf/4.9.1/libgcc.a
LOAD ../Camera_test_bsp//libhal_bsp.a
LOAD /home/amilgeorge/altera/15.0/nios2eds/bin/gnu/H-x86_64-pc-linux-gnu/bin/../lib/gcc/nios2-elf/4.9.1/../../../../../H-x86_64-pc-linux-gnu/nios2-elf/lib/libm.a
END GROUP
LOAD /home/amilgeorge/altera/15.0/nios2eds/bin/gnu/H-x86_64-pc-linux-gnu/bin/../lib/gcc/nios2-elf/4.9.1/libgcc.a
                0x0000000000000000                __alt_mem_sdram = 0x0

.entry          0x0000000000000000       0x20
 *(.entry)
 .entry         0x0000000000000000       0x20 ../Camera_test_bsp//obj/HAL/src/crt0.o
                0x0000000000000000                __reset

.exceptions     0x0000000000000020      0x19c
                0x0000000000000020                PROVIDE (__ram_exceptions_start, ABSOLUTE (.))
                0x0000000000000020                . = ALIGN (0x20)
 *(.irq)
 *(.exceptions.entry.label)
 .exceptions.entry.label
                0x0000000000000020        0x0 ../Camera_test_bsp//libhal_bsp.a(alt_irq_entry.o)
                0x0000000000000020                alt_irq_entry
 .exceptions.entry.label
                0x0000000000000020        0x0 ../Camera_test_bsp//libhal_bsp.a(alt_exception_entry.o)
                0x0000000000000020                alt_exception
 *(.exceptions.entry.user)
 *(.exceptions.entry.ecc_fatal)
 *(.exceptions.entry)
 .exceptions.entry
                0x0000000000000020       0x54 ../Camera_test_bsp//libhal_bsp.a(alt_exception_entry.o)
 *(.exceptions.irqtest.user)
 *(.exceptions.irqtest)
 .exceptions.irqtest
                0x0000000000000074       0x10 ../Camera_test_bsp//libhal_bsp.a(alt_irq_entry.o)
 *(.exceptions.irqhandler.user)
 *(.exceptions.irqhandler)
 .exceptions.irqhandler
                0x0000000000000084        0x4 ../Camera_test_bsp//libhal_bsp.a(alt_irq_entry.o)
 *(.exceptions.irqreturn.user)
 *(.exceptions.irqreturn)
 .exceptions.irqreturn
                0x0000000000000088        0x4 ../Camera_test_bsp//libhal_bsp.a(alt_irq_entry.o)
 *(.exceptions.notirq.label)
 .exceptions.notirq.label
                0x000000000000008c        0x0 ../Camera_test_bsp//libhal_bsp.a(alt_irq_entry.o)
 *(.exceptions.notirq.user)
 *(.exceptions.notirq)
 .exceptions.notirq
                0x000000000000008c        0x8 ../Camera_test_bsp//libhal_bsp.a(alt_exception_entry.o)
 *(.exceptions.soft.user)
 *(.exceptions.soft)
 *(.exceptions.unknown.user)
 *(.exceptions.unknown)
 .exceptions.unknown
                0x0000000000000094        0x4 ../Camera_test_bsp//libhal_bsp.a(alt_exception_entry.o)
 *(.exceptions.exit.label)
 .exceptions.exit.label
                0x0000000000000098        0x0 ../Camera_test_bsp//libhal_bsp.a(alt_irq_entry.o)
 .exceptions.exit.label
                0x0000000000000098        0x0 ../Camera_test_bsp//libhal_bsp.a(alt_exception_entry.o)
 *(.exceptions.exit.user)
 *(.exceptions.exit)
 .exceptions.exit
                0x0000000000000098       0x54 ../Camera_test_bsp//libhal_bsp.a(alt_exception_entry.o)
 *(.exceptions)
 .exceptions    0x00000000000000ec       0xd0 ../Camera_test_bsp//libhal_bsp.a(alt_irq_handler.o)
                0x00000000000000ec                alt_irq_handler
                0x00000000000001bc                PROVIDE (__ram_exceptions_end, ABSOLUTE (.))
                0x0000000000000020                PROVIDE (__flash_exceptions_start, LOADADDR (.exceptions))

.text           0x00000000000001bc     0xf788
                0x00000000000001bc                PROVIDE (stext, ABSOLUTE (.))
 *(.interp)
 *(.hash)
 *(.dynsym)
 *(.dynstr)
 *(.gnu.version)
 *(.gnu.version_d)
 *(.gnu.version_r)
 *(.rel.init)
 *(.rela.init)
 *(.rel.text .rel.text.* .rel.gnu.linkonce.t.*)
 *(.rela.text .rela.text.* .rela.gnu.linkonce.t.*)
 *(.rel.fini)
 *(.rela.fini)
 *(.rel.rodata .rel.rodata.* .rel.gnu.linkonce.r.*)
 *(.rela.rodata .rela.rodata.* .rela.gnu.linkonce.r.*)
 *(.rel.data .rel.data.* .rel.gnu.linkonce.d.*)
 *(.rela.data .rela.data.* .rela.gnu.linkonce.d.*)
 *(.rel.tdata .rel.tdata.* .rel.gnu.linkonce.td.*)
 *(.rela.tdata .rela.tdata.* .rela.gnu.linkonce.td.*)
 *(.rel.tbss .rel.tbss.* .rel.gnu.linkonce.tb.*)
 *(.rela.tbss .rela.tbss.* .rela.gnu.linkonce.tb.*)
 *(.rel.ctors)
 *(.rela.ctors)
 *(.rel.dtors)
 *(.rela.dtors)
 *(.rel.got)
 *(.rela.got)
 *(.rel.sdata .rel.sdata.* .rel.gnu.linkonce.s.*)
 *(.rela.sdata .rela.sdata.* .rela.gnu.linkonce.s.*)
 *(.rel.sbss .rel.sbss.* .rel.gnu.linkonce.sb.*)
 *(.rela.sbss .rela.sbss.* .rela.gnu.linkonce.sb.*)
 *(.rel.sdata2 .rel.sdata2.* .rel.gnu.linkonce.s2.*)
 *(.rela.sdata2 .rela.sdata2.* .rela.gnu.linkonce.s2.*)
 *(.rel.sbss2 .rel.sbss2.* .rel.gnu.linkonce.sb2.*)
 *(.rela.sbss2 .rela.sbss2.* .rela.gnu.linkonce.sb2.*)
 *(.rel.bss .rel.bss.* .rel.gnu.linkonce.b.*)
 *(.rela.bss .rela.bss.* .rela.gnu.linkonce.b.*)
 *(.rel.plt)
 *(.rela.plt)
 *(.rel.dyn)
 *(.init)
 *(.plt)
 *(.text .stub .text.* .gnu.linkonce.t.*)
 .text          0x00000000000001bc       0x4c ../Camera_test_bsp//obj/HAL/src/crt0.o
                0x00000000000001bc                _start
 .text          0x0000000000000208        0x0 obj/default/main.o
 .text          0x0000000000000208      0xb50 obj/default/main_cam_read.o
                0x0000000000000208                Delay_Ms
                0x0000000000000254                LCD_Init
                0x00000000000008c0                LCD_Clear
                0x000000000000092c                init_lcd_frame
                0x0000000000000a10                print_pattern
                0x0000000000000a9c                check_lcd_frame
                0x0000000000000be8                main
 .text          0x0000000000000d58       0x68 /home/amilgeorge/altera/15.0/nios2eds/bin/gnu/H-x86_64-pc-linux-gnu/bin/../lib/gcc/nios2-elf/4.9.1/../../../../../H-x86_64-pc-linux-gnu/nios2-elf/lib/libc.a(lib_a-printf.o)
                0x0000000000000d58                _printf_r
                0x0000000000000d84                printf
 .text          0x0000000000000dc0     0x2020 /home/amilgeorge/altera/15.0/nios2eds/bin/gnu/H-x86_64-pc-linux-gnu/bin/../lib/gcc/nios2-elf/4.9.1/../../../../../H-x86_64-pc-linux-gnu/nios2-elf/lib/libc.a(lib_a-vfprintf.o)
                0x0000000000000dc0                ___vfprintf_internal_r
                0x0000000000002dbc                __vfprintf_internal
 .text          0x0000000000002de0      0x130 /home/amilgeorge/altera/15.0/nios2eds/bin/gnu/H-x86_64-pc-linux-gnu/bin/../lib/gcc/nios2-elf/4.9.1/../../../../../H-x86_64-pc-linux-gnu/nios2-elf/lib/libc.a(lib_a-wsetup.o)
                0x0000000000002de0                __swsetup_r
 .text          0x0000000000002f10     0x1928 /home/amilgeorge/altera/15.0/nios2eds/bin/gnu/H-x86_64-pc-linux-gnu/bin/../lib/gcc/nios2-elf/4.9.1/../../../../../H-x86_64-pc-linux-gnu/nios2-elf/lib/libc.a(lib_a-dtoa.o)
                0x0000000000003110                _dtoa_r
 .text          0x0000000000004838      0x258 /home/amilgeorge/altera/15.0/nios2eds/bin/gnu/H-x86_64-pc-linux-gnu/bin/../lib/gcc/nios2-elf/4.9.1/../../../../../H-x86_64-pc-linux-gnu/nios2-elf/lib/libc.a(lib_a-fflush.o)
                0x0000000000004838                _fflush_r
                0x0000000000004a60                fflush
 .text          0x0000000000004a90      0x3a0 /home/amilgeorge/altera/15.0/nios2eds/bin/gnu/H-x86_64-pc-linux-gnu/bin/../lib/gcc/nios2-elf/4.9.1/../../../../../H-x86_64-pc-linux-gnu/nios2-elf/lib/libc.a(lib_a-findfp.o)
                0x0000000000004aa0                _cleanup_r
                0x0000000000004c4c                __sfmoreglue
                0x0000000000004cb0                __sfp
                0x0000000000004dc8                _cleanup
                0x0000000000004de0                __sinit
                0x0000000000004df0                __sfp_lock_acquire
                0x0000000000004df4                __sfp_lock_release
                0x0000000000004df8                __sinit_lock_acquire
                0x0000000000004dfc                __sinit_lock_release
                0x0000000000004e00                __fp_lock_all
                0x0000000000004e18                __fp_unlock_all
 .text          0x0000000000004e30      0x414 /home/amilgeorge/altera/15.0/nios2eds/bin/gnu/H-x86_64-pc-linux-gnu/bin/../lib/gcc/nios2-elf/4.9.1/../../../../../H-x86_64-pc-linux-gnu/nios2-elf/lib/libc.a(lib_a-freer.o)
                0x0000000000004e30                _malloc_trim_r
                0x0000000000004f54                _free_r
 .text          0x0000000000005244      0x170 /home/amilgeorge/altera/15.0/nios2eds/bin/gnu/H-x86_64-pc-linux-gnu/bin/../lib/gcc/nios2-elf/4.9.1/../../../../../H-x86_64-pc-linux-gnu/nios2-elf/lib/libc.a(lib_a-fwalk.o)
                0x0000000000005244                _fwalk
                0x00000000000052fc                _fwalk_reent
 .text          0x00000000000053b4        0x0 /home/amilgeorge/altera/15.0/nios2eds/bin/gnu/H-x86_64-pc-linux-gnu/bin/../lib/gcc/nios2-elf/4.9.1/../../../../../H-x86_64-pc-linux-gnu/nios2-elf/lib/libc.a(lib_a-impure.o)
 .text          0x00000000000053b4       0xe0 /home/amilgeorge/altera/15.0/nios2eds/bin/gnu/H-x86_64-pc-linux-gnu/bin/../lib/gcc/nios2-elf/4.9.1/../../../../../H-x86_64-pc-linux-gnu/nios2-elf/lib/libc.a(lib_a-locale.o)
                0x00000000000053b4                _setlocale_r
                0x0000000000005430                __locale_charset
                0x000000000000543c                __locale_mb_cur_max
                0x000000000000544c                __locale_msgcharset
                0x0000000000005458                __locale_cjk_lang
                0x0000000000005460                _localeconv_r
                0x000000000000546c                setlocale
                0x0000000000005488                localeconv
 .text          0x0000000000005494      0x1b8 /home/amilgeorge/altera/15.0/nios2eds/bin/gnu/H-x86_64-pc-linux-gnu/bin/../lib/gcc/nios2-elf/4.9.1/../../../../../H-x86_64-pc-linux-gnu/nios2-elf/lib/libc.a(lib_a-makebuf.o)
                0x0000000000005494                __smakebuf_r
 .text          0x000000000000564c      0x7a8 /home/amilgeorge/altera/15.0/nios2eds/bin/gnu/H-x86_64-pc-linux-gnu/bin/../lib/gcc/nios2-elf/4.9.1/../../../../../H-x86_64-pc-linux-gnu/nios2-elf/lib/libc.a(lib_a-mallocr.o)
                0x000000000000564c                _malloc_r
 .text          0x0000000000005df4       0xe8 /home/amilgeorge/altera/15.0/nios2eds/bin/gnu/H-x86_64-pc-linux-gnu/bin/../lib/gcc/nios2-elf/4.9.1/../../../../../H-x86_64-pc-linux-gnu/nios2-elf/lib/libc.a(lib_a-memchr.o)
                0x0000000000005df4                memchr
 .text          0x0000000000005edc      0x138 /home/amilgeorge/altera/15.0/nios2eds/bin/gnu/H-x86_64-pc-linux-gnu/bin/../lib/gcc/nios2-elf/4.9.1/../../../../../H-x86_64-pc-linux-gnu/nios2-elf/lib/libc.a(lib_a-memcpy.o)
                0x0000000000005edc                memcpy
 .text          0x0000000000006014      0x124 /home/amilgeorge/altera/15.0/nios2eds/bin/gnu/H-x86_64-pc-linux-gnu/bin/../lib/gcc/nios2-elf/4.9.1/../../../../../H-x86_64-pc-linux-gnu/nios2-elf/lib/libc.a(lib_a-memset.o)
                0x0000000000006014                memset
 .text          0x0000000000006138      0xf8c /home/amilgeorge/altera/15.0/nios2eds/bin/gnu/H-x86_64-pc-linux-gnu/bin/../lib/gcc/nios2-elf/4.9.1/../../../../../H-x86_64-pc-linux-gnu/nios2-elf/lib/libc.a(lib_a-mprec.o)
                0x0000000000006138                _Balloc
                0x00000000000061e0                _Bfree
                0x0000000000006208                __multadd
                0x000000000000631c                __s2b
                0x0000000000006420                __hi0bits
                0x0000000000006488                __lo0bits
                0x0000000000006538                __i2b
                0x0000000000006574                __multiply
                0x0000000000006770                __pow5mult
                0x00000000000068b0                __lshift
                0x00000000000069f8                __mcmp
                0x0000000000006a58                __mdiff
                0x0000000000006bf0                __ulp
                0x0000000000006c50                __b2d
                0x0000000000006d6c                __d2b
                0x0000000000006ea8                __ratio
                0x0000000000006f4c                _mprec_log10
                0x0000000000006fc0                __copybits
                0x0000000000007038                __any_on
 .text          0x00000000000070c4       0x74 /home/amilgeorge/altera/15.0/nios2eds/bin/gnu/H-x86_64-pc-linux-gnu/bin/../lib/gcc/nios2-elf/4.9.1/../../../../../H-x86_64-pc-linux-gnu/nios2-elf/lib/libc.a(lib_a-s_fpclassify.o)
                0x00000000000070c4                __fpclassifyd
 .text          0x0000000000007138       0x54 /home/amilgeorge/altera/15.0/nios2eds/bin/gnu/H-x86_64-pc-linux-gnu/bin/../lib/gcc/nios2-elf/4.9.1/../../../../../H-x86_64-pc-linux-gnu/nios2-elf/lib/libc.a(lib_a-sbrkr.o)
                0x0000000000007138                _sbrk_r
 .text          0x000000000000718c      0x13c /home/amilgeorge/altera/15.0/nios2eds/bin/gnu/H-x86_64-pc-linux-gnu/bin/../lib/gcc/nios2-elf/4.9.1/../../../../../H-x86_64-pc-linux-gnu/nios2-elf/lib/libc.a(lib_a-stdio.o)
                0x000000000000718c                __sread
                0x00000000000071e0                __seofread
                0x00000000000071e8                __swrite
                0x0000000000007264                __sseek
                0x00000000000072c0                __sclose
 .text          0x00000000000072c8       0xa4 /home/amilgeorge/altera/15.0/nios2eds/bin/gnu/H-x86_64-pc-linux-gnu/bin/../lib/gcc/nios2-elf/4.9.1/../../../../../H-x86_64-pc-linux-gnu/nios2-elf/lib/libc.a(lib_a-strcmp.o)
                0x00000000000072c8                strcmp
 .text          0x000000000000736c       0x98 /home/amilgeorge/altera/15.0/nios2eds/bin/gnu/H-x86_64-pc-linux-gnu/bin/../lib/gcc/nios2-elf/4.9.1/../../../../../H-x86_64-pc-linux-gnu/nios2-elf/lib/libc.a(lib_a-strlen.o)
                0x000000000000736c                strlen
 .text          0x0000000000007404     0x1494 /home/amilgeorge/altera/15.0/nios2eds/bin/gnu/H-x86_64-pc-linux-gnu/bin/../lib/gcc/nios2-elf/4.9.1/../../../../../H-x86_64-pc-linux-gnu/nios2-elf/lib/libc.a(lib_a-vfiprintf.o)
                0x0000000000007500                __sprint_r
                0x0000000000007518                ___vfiprintf_internal_r
                0x0000000000008874                __vfiprintf_internal
 .text          0x0000000000008898       0x5c /home/amilgeorge/altera/15.0/nios2eds/bin/gnu/H-x86_64-pc-linux-gnu/bin/../lib/gcc/nios2-elf/4.9.1/../../../../../H-x86_64-pc-linux-gnu/nios2-elf/lib/libc.a(lib_a-writer.o)
                0x0000000000008898                _write_r
 .text          0x00000000000088f4       0x54 /home/amilgeorge/altera/15.0/nios2eds/bin/gnu/H-x86_64-pc-linux-gnu/bin/../lib/gcc/nios2-elf/4.9.1/../../../../../H-x86_64-pc-linux-gnu/nios2-elf/lib/libc.a(closer.o)
                0x00000000000088f4                _close_r
 .text          0x0000000000008948       0xc4 /home/amilgeorge/altera/15.0/nios2eds/bin/gnu/H-x86_64-pc-linux-gnu/bin/../lib/gcc/nios2-elf/4.9.1/../../../../../H-x86_64-pc-linux-gnu/nios2-elf/lib/libc.a(lib_a-callocr.o)
                0x0000000000008948                _calloc_r
 .text          0x0000000000008a0c      0x114 /home/amilgeorge/altera/15.0/nios2eds/bin/gnu/H-x86_64-pc-linux-gnu/bin/../lib/gcc/nios2-elf/4.9.1/../../../../../H-x86_64-pc-linux-gnu/nios2-elf/lib/libc.a(lib_a-fclose.o)
                0x0000000000008a0c                _fclose_r
                0x0000000000008b0c                fclose
 .text          0x0000000000008b20      0x1dc /home/amilgeorge/altera/15.0/nios2eds/bin/gnu/H-x86_64-pc-linux-gnu/bin/../lib/gcc/nios2-elf/4.9.1/../../../../../H-x86_64-pc-linux-gnu/nios2-elf/lib/libc.a(lib_a-fputwc.o)
                0x0000000000008b20                _fputwc_r
                0x0000000000008ca4                fputwc
 .text          0x0000000000008cfc       0x58 /home/amilgeorge/altera/15.0/nios2eds/bin/gnu/H-x86_64-pc-linux-gnu/bin/../lib/gcc/nios2-elf/4.9.1/../../../../../H-x86_64-pc-linux-gnu/nios2-elf/lib/libc.a(lib_a-fstatr.o)
                0x0000000000008cfc                _fstat_r
 .text          0x0000000000008d54      0x4a4 /home/amilgeorge/altera/15.0/nios2eds/bin/gnu/H-x86_64-pc-linux-gnu/bin/../lib/gcc/nios2-elf/4.9.1/../../../../../H-x86_64-pc-linux-gnu/nios2-elf/lib/libc.a(lib_a-fvwrite.o)
                0x0000000000008d54                __sfvwrite_r
 .text          0x00000000000091f8        0x0 /home/amilgeorge/altera/15.0/nios2eds/bin/gnu/H-x86_64-pc-linux-gnu/bin/../lib/gcc/nios2-elf/4.9.1/../../../../../H-x86_64-pc-linux-gnu/nios2-elf/lib/libc.a(lib_a-int_errno.o)
 .text          0x00000000000091f8       0x54 /home/amilgeorge/altera/15.0/nios2eds/bin/gnu/H-x86_64-pc-linux-gnu/bin/../lib/gcc/nios2-elf/4.9.1/../../../../../H-x86_64-pc-linux-gnu/nios2-elf/lib/libc.a(lib_a-isattyr.o)
                0x00000000000091f8                _isatty_r
 .text          0x000000000000924c       0x5c /home/amilgeorge/altera/15.0/nios2eds/bin/gnu/H-x86_64-pc-linux-gnu/bin/../lib/gcc/nios2-elf/4.9.1/../../../../../H-x86_64-pc-linux-gnu/nios2-elf/lib/libc.a(lib_a-lseekr.o)
                0x000000000000924c                _lseek_r
 .text          0x00000000000092a8      0x15c /home/amilgeorge/altera/15.0/nios2eds/bin/gnu/H-x86_64-pc-linux-gnu/bin/../lib/gcc/nios2-elf/4.9.1/../../../../../H-x86_64-pc-linux-gnu/nios2-elf/lib/libc.a(lib_a-memmove.o)
                0x00000000000092a8                memmove
 .text          0x0000000000009404       0x5c /home/amilgeorge/altera/15.0/nios2eds/bin/gnu/H-x86_64-pc-linux-gnu/bin/../lib/gcc/nios2-elf/4.9.1/../../../../../H-x86_64-pc-linux-gnu/nios2-elf/lib/libc.a(lib_a-readr.o)
                0x0000000000009404                _read_r
 .text          0x0000000000009460      0x5a0 /home/amilgeorge/altera/15.0/nios2eds/bin/gnu/H-x86_64-pc-linux-gnu/bin/../lib/gcc/nios2-elf/4.9.1/../../../../../H-x86_64-pc-linux-gnu/nios2-elf/lib/libc.a(lib_a-reallocr.o)
                0x0000000000009460                _realloc_r
 .text          0x0000000000009a00      0x170 /home/amilgeorge/altera/15.0/nios2eds/bin/gnu/H-x86_64-pc-linux-gnu/bin/../lib/gcc/nios2-elf/4.9.1/../../../../../H-x86_64-pc-linux-gnu/nios2-elf/lib/libc.a(lib_a-wbuf.o)
                0x0000000000009a00                __swbuf_r
                0x0000000000009b54                __swbuf
 .text          0x0000000000009b70      0x174 /home/amilgeorge/altera/15.0/nios2eds/bin/gnu/H-x86_64-pc-linux-gnu/bin/../lib/gcc/nios2-elf/4.9.1/../../../../../H-x86_64-pc-linux-gnu/nios2-elf/lib/libc.a(lib_a-wcrtomb.o)
                0x0000000000009b70                _wcrtomb_r
                0x0000000000009c0c                wcrtomb
 .text          0x0000000000009ce4       0x8c /home/amilgeorge/altera/15.0/nios2eds/bin/gnu/H-x86_64-pc-linux-gnu/bin/../lib/gcc/nios2-elf/4.9.1/../../../../../H-x86_64-pc-linux-gnu/nios2-elf/lib/libc.a(lib_a-wctomb_r.o)
                0x0000000000009ce4                __ascii_wctomb
                0x0000000000009d14                _wctomb_r
 .text          0x0000000000009d70      0x5c0 /home/amilgeorge/altera/15.0/nios2eds/bin/gnu/H-x86_64-pc-linux-gnu/bin/../lib/gcc/nios2-elf/4.9.1/libgcc.a(_udivdi3.o)
                0x0000000000009d70                __udivdi3
 .text          0x000000000000a330      0x590 /home/amilgeorge/altera/15.0/nios2eds/bin/gnu/H-x86_64-pc-linux-gnu/bin/../lib/gcc/nios2-elf/4.9.1/libgcc.a(_umoddi3.o)
                0x000000000000a330                __umoddi3
 .text          0x000000000000a8c0      0x12c /home/amilgeorge/altera/15.0/nios2eds/bin/gnu/H-x86_64-pc-linux-gnu/bin/../lib/gcc/nios2-elf/4.9.1/libgcc.a(lib2-divmod.o)
                0x000000000000a92c                __divsi3
                0x000000000000a980                __modsi3
                0x000000000000a9dc                __udivsi3
                0x000000000000a9e4                __umodsi3
 .text          0x000000000000a9ec      0x89c /home/amilgeorge/altera/15.0/nios2eds/bin/gnu/H-x86_64-pc-linux-gnu/bin/../lib/gcc/nios2-elf/4.9.1/libgcc.a(adddf3.o)
                0x000000000000a9ec                __adddf3
 .text          0x000000000000b288      0x8cc /home/amilgeorge/altera/15.0/nios2eds/bin/gnu/H-x86_64-pc-linux-gnu/bin/../lib/gcc/nios2-elf/4.9.1/libgcc.a(divdf3.o)
                0x000000000000b288                __divdf3
 .text          0x000000000000bb54       0x84 /home/amilgeorge/altera/15.0/nios2eds/bin/gnu/H-x86_64-pc-linux-gnu/bin/../lib/gcc/nios2-elf/4.9.1/libgcc.a(eqdf2.o)
                0x000000000000bb54                __eqdf2
                0x000000000000bb54                __nedf2
 .text          0x000000000000bbd8       0xe0 /home/amilgeorge/altera/15.0/nios2eds/bin/gnu/H-x86_64-pc-linux-gnu/bin/../lib/gcc/nios2-elf/4.9.1/libgcc.a(gedf2.o)
                0x000000000000bbd8                __gtdf2
                0x000000000000bbd8                __gedf2
 .text          0x000000000000bcb8       0xe0 /home/amilgeorge/altera/15.0/nios2eds/bin/gnu/H-x86_64-pc-linux-gnu/bin/../lib/gcc/nios2-elf/4.9.1/libgcc.a(ledf2.o)
                0x000000000000bcb8                __ltdf2
                0x000000000000bcb8                __ledf2
 .text          0x000000000000bd98      0x724 /home/amilgeorge/altera/15.0/nios2eds/bin/gnu/H-x86_64-pc-linux-gnu/bin/../lib/gcc/nios2-elf/4.9.1/libgcc.a(muldf3.o)
                0x000000000000bd98                __muldf3
 .text          0x000000000000c4bc      0x8d0 /home/amilgeorge/altera/15.0/nios2eds/bin/gnu/H-x86_64-pc-linux-gnu/bin/../lib/gcc/nios2-elf/4.9.1/libgcc.a(subdf3.o)
                0x000000000000c4bc                __subdf3
 .text          0x000000000000cd8c       0x88 /home/amilgeorge/altera/15.0/nios2eds/bin/gnu/H-x86_64-pc-linux-gnu/bin/../lib/gcc/nios2-elf/4.9.1/libgcc.a(fixdfsi.o)
                0x000000000000cd8c                __fixdfsi
 .text          0x000000000000ce14       0xd0 /home/amilgeorge/altera/15.0/nios2eds/bin/gnu/H-x86_64-pc-linux-gnu/bin/../lib/gcc/nios2-elf/4.9.1/libgcc.a(floatsidf.o)
                0x000000000000ce14                __floatsidf
 .text          0x000000000000cee4       0xa4 /home/amilgeorge/altera/15.0/nios2eds/bin/gnu/H-x86_64-pc-linux-gnu/bin/../lib/gcc/nios2-elf/4.9.1/libgcc.a(floatunsidf.o)
                0x000000000000cee4                __floatunsidf
 .text          0x000000000000cf88        0x0 /home/amilgeorge/altera/15.0/nios2eds/bin/gnu/H-x86_64-pc-linux-gnu/bin/../lib/gcc/nios2-elf/4.9.1/libgcc.a(_clz.o)
 .text          0x000000000000cf88       0x64 /home/amilgeorge/altera/15.0/nios2eds/bin/gnu/H-x86_64-pc-linux-gnu/bin/../lib/gcc/nios2-elf/4.9.1/libgcc.a(_clzsi2.o)
                0x000000000000cf88                __clzsi2
 .text          0x000000000000cfec      0x120 ../Camera_test_bsp//libhal_bsp.a(alt_close.o)
                0x000000000000d03c                close
 .text          0x000000000000d10c       0x2c ../Camera_test_bsp//libhal_bsp.a(alt_dev.o)
 .text          0x000000000000d138        0x0 ../Camera_test_bsp//libhal_bsp.a(alt_errno.o)
 .text          0x000000000000d138      0x100 ../Camera_test_bsp//libhal_bsp.a(alt_fstat.o)
                0x000000000000d188                fstat
 .text          0x000000000000d238       0xf4 ../Camera_test_bsp//libhal_bsp.a(alt_isatty.o)
                0x000000000000d288                isatty
 .text          0x000000000000d32c       0xe4 ../Camera_test_bsp//libhal_bsp.a(alt_load.o)
                0x000000000000d390                alt_load
 .text          0x000000000000d410      0x124 ../Camera_test_bsp//libhal_bsp.a(alt_lseek.o)
                0x000000000000d460                lseek
 .text          0x000000000000d534       0x78 ../Camera_test_bsp//libhal_bsp.a(alt_main.o)
                0x000000000000d534                alt_main
 .text          0x000000000000d5ac       0x40 ../Camera_test_bsp//libhal_bsp.a(alt_malloc_lock.o)
                0x000000000000d5ac                __malloc_lock
                0x000000000000d5cc                __malloc_unlock
 .text          0x000000000000d5ec      0x14c ../Camera_test_bsp//libhal_bsp.a(alt_read.o)
                0x000000000000d63c                read
 .text          0x000000000000d738       0x60 ../Camera_test_bsp//libhal_bsp.a(alt_release_fd.o)
                0x000000000000d738                alt_release_fd
 .text          0x000000000000d798       0xb0 ../Camera_test_bsp//libhal_bsp.a(alt_sbrk.o)
                0x000000000000d798                sbrk
 .text          0x000000000000d848       0x30 ../Camera_test_bsp//libhal_bsp.a(alt_usleep.o)
                0x000000000000d848                usleep
 .text          0x000000000000d878      0x148 ../Camera_test_bsp//libhal_bsp.a(alt_write.o)
                0x000000000000d8c8                write
 .text          0x000000000000d9c0       0xc4 ../Camera_test_bsp//libhal_bsp.a(alt_sys_init.o)
                0x000000000000d9f8                alt_irq_init
                0x000000000000da2c                alt_sys_init
 .text          0x000000000000da84      0x164 ../Camera_test_bsp//libhal_bsp.a(altera_avalon_jtag_uart_fd.o)
                0x000000000000da84                altera_avalon_jtag_uart_read_fd
                0x000000000000dae4                altera_avalon_jtag_uart_write_fd
                0x000000000000db44                altera_avalon_jtag_uart_close_fd
                0x000000000000db94                altera_avalon_jtag_uart_ioctl_fd
 .text          0x000000000000dbe8      0x3d8 ../Camera_test_bsp//libhal_bsp.a(altera_avalon_jtag_uart_init.o)
                0x000000000000dbe8                altera_avalon_jtag_uart_init
                0x000000000000df58                altera_avalon_jtag_uart_close
 .text          0x000000000000dfc0       0xec ../Camera_test_bsp//libhal_bsp.a(altera_avalon_jtag_uart_ioctl.o)
                0x000000000000dfc0                altera_avalon_jtag_uart_ioctl
 .text          0x000000000000e0ac      0x20c ../Camera_test_bsp//libhal_bsp.a(altera_avalon_jtag_uart_read.o)
                0x000000000000e0ac                altera_avalon_jtag_uart_read
 .text          0x000000000000e2b8      0x218 ../Camera_test_bsp//libhal_bsp.a(altera_avalon_jtag_uart_write.o)
                0x000000000000e2b8                altera_avalon_jtag_uart_write
 .text          0x000000000000e4d0       0xfc ../Camera_test_bsp//libhal_bsp.a(altera_avalon_timer_sc.o)
                0x000000000000e544                alt_avalon_timer_sc_init
 .text          0x000000000000e5cc      0x140 ../Camera_test_bsp//libhal_bsp.a(alt_alarm_start.o)
                0x000000000000e5cc                alt_alarm_start
 .text          0x000000000000e70c      0x158 ../Camera_test_bsp//libhal_bsp.a(alt_busy_sleep.o)
                0x000000000000e70c                alt_busy_sleep
 .text          0x000000000000e864       0x44 ../Camera_test_bsp//libhal_bsp.a(alt_dcache_flush_all.o)
                0x000000000000e864                alt_dcache_flush_all
 .text          0x000000000000e8a8       0xf4 ../Camera_test_bsp//libhal_bsp.a(alt_dev_llist_insert.o)
                0x000000000000e8f8                alt_dev_llist_insert
 .text          0x000000000000e99c       0x5c ../Camera_test_bsp//libhal_bsp.a(alt_do_ctors.o)
                0x000000000000e99c                _do_ctors
 .text          0x000000000000e9f8       0x5c ../Camera_test_bsp//libhal_bsp.a(alt_do_dtors.o)
                0x000000000000e9f8                _do_dtors
 .text          0x000000000000ea54       0x30 ../Camera_test_bsp//libhal_bsp.a(alt_icache_flush_all.o)
                0x000000000000ea54                alt_icache_flush_all
 .text          0x000000000000ea84      0x1e0 ../Camera_test_bsp//libhal_bsp.a(alt_iic.o)
                0x000000000000ea84                alt_ic_isr_register
                0x000000000000ead4                alt_ic_irq_enable
                0x000000000000eb74                alt_ic_irq_disable
                0x000000000000ec18                alt_ic_irq_enabled
 .text          0x000000000000ec64       0xf0 ../Camera_test_bsp//libhal_bsp.a(alt_iic_isr_register.o)
                0x000000000000ec64                alt_iic_isr_register
 .text          0x000000000000ed54      0x138 ../Camera_test_bsp//libhal_bsp.a(alt_io_redirect.o)
                0x000000000000ee14                alt_io_redirect
 .text          0x000000000000ee8c        0x0 ../Camera_test_bsp//libhal_bsp.a(alt_irq_entry.o)
 .text          0x000000000000ee8c        0x0 ../Camera_test_bsp//libhal_bsp.a(alt_irq_handler.o)
 .text          0x000000000000ee8c        0x0 ../Camera_test_bsp//libhal_bsp.a(alt_irq_vars.o)
 .text          0x000000000000ee8c      0x274 ../Camera_test_bsp//libhal_bsp.a(alt_open.o)
                0x000000000000efa8                open
 .text          0x000000000000f100      0x19c ../Camera_test_bsp//libhal_bsp.a(alt_tick.o)
                0x000000000000f100                alt_alarm_stop
                0x000000000000f198                alt_tick
 .text          0x000000000000f29c       0x20 ../Camera_test_bsp//libhal_bsp.a(altera_nios2_irq.o)
                0x000000000000f29c                altera_nios2_irq_init
 .text          0x000000000000f2bc        0x0 ../Camera_test_bsp//libhal_bsp.a(alt_exception_entry.o)
 .text          0x000000000000f2bc       0x90 ../Camera_test_bsp//libhal_bsp.a(alt_find_dev.o)
                0x000000000000f2bc                alt_find_dev
 .text          0x000000000000f34c      0x114 ../Camera_test_bsp//libhal_bsp.a(alt_find_file.o)
                0x000000000000f34c                alt_find_file
 .text          0x000000000000f460       0xb4 ../Camera_test_bsp//libhal_bsp.a(alt_get_fd.o)
                0x000000000000f460                alt_get_fd
 .text          0x000000000000f514       0x8c ../Camera_test_bsp//libhal_bsp.a(alt_icache_flush.o)
                0x000000000000f514                alt_icache_flush
 .text          0x000000000000f5a0       0x14 /home/amilgeorge/altera/15.0/nios2eds/bin/gnu/H-x86_64-pc-linux-gnu/bin/../lib/gcc/nios2-elf/4.9.1/../../../../../H-x86_64-pc-linux-gnu/nios2-elf/lib/libc.a(lib_a-atexit.o)
                0x000000000000f5a0                atexit
 .text          0x000000000000f5b4       0x38 /home/amilgeorge/altera/15.0/nios2eds/bin/gnu/H-x86_64-pc-linux-gnu/bin/../lib/gcc/nios2-elf/4.9.1/../../../../../H-x86_64-pc-linux-gnu/nios2-elf/lib/libc.a(lib_a-exit.o)
                0x000000000000f5b4                exit
 .text          0x000000000000f5ec       0x7c /home/amilgeorge/altera/15.0/nios2eds/bin/gnu/H-x86_64-pc-linux-gnu/bin/../lib/gcc/nios2-elf/4.9.1/../../../../../H-x86_64-pc-linux-gnu/nios2-elf/lib/libc.a(lib_a-memcmp.o)
                0x000000000000f5ec                memcmp
 .text          0x000000000000f668      0x114 /home/amilgeorge/altera/15.0/nios2eds/bin/gnu/H-x86_64-pc-linux-gnu/bin/../lib/gcc/nios2-elf/4.9.1/../../../../../H-x86_64-pc-linux-gnu/nios2-elf/lib/libc.a(lib_a-__atexit.o)
                0x000000000000f668                __register_exitproc
 .text          0x000000000000f77c      0x194 /home/amilgeorge/altera/15.0/nios2eds/bin/gnu/H-x86_64-pc-linux-gnu/bin/../lib/gcc/nios2-elf/4.9.1/../../../../../H-x86_64-pc-linux-gnu/nios2-elf/lib/libc.a(lib_a-__call_atexit.o)
                0x000000000000f77c                __call_exitprocs
 .text          0x000000000000f910       0x34 ../Camera_test_bsp//libhal_bsp.a(alt_exit.o)
                0x000000000000f910                _exit
 *(.gnu.warning.*)
 *(.fini)
                0x000000000000f944                PROVIDE (__etext, ABSOLUTE (.))
                0x000000000000f944                PROVIDE (_etext, ABSOLUTE (.))
                0x000000000000f944                PROVIDE (etext, ABSOLUTE (.))
 *(.eh_frame_hdr)
                0x000000000000f944                . = ALIGN (0x4)
                0x000000000000f944                PROVIDE (__preinit_array_start, ABSOLUTE (.))
 *(.preinit_array)
                0x000000000000f944                PROVIDE (__preinit_array_end, ABSOLUTE (.))
                0x000000000000f944                PROVIDE (__init_array_start, ABSOLUTE (.))
 *(.init_array)
                0x000000000000f944                PROVIDE (__init_array_end, ABSOLUTE (.))
                0x000000000000f944                PROVIDE (__fini_array_start, ABSOLUTE (.))
 *(.fini_array)
                0x000000000000f944                PROVIDE (__fini_array_end, ABSOLUTE (.))
 *(.eh_frame)
 *(.gcc_except_table .gcc_except_table.*)
 *(.dynamic)
                0x000000000000f944                PROVIDE (__CTOR_LIST__, ABSOLUTE (.))
 *(.ctors)
 *(SORT(.ctors.*))
                0x000000000000f944                PROVIDE (__CTOR_END__, ABSOLUTE (.))
                0x000000000000f944                PROVIDE (__DTOR_LIST__, ABSOLUTE (.))
 *(.dtors)
 *(SORT(.dtors.*))
                0x000000000000f944                PROVIDE (__DTOR_END__, ABSOLUTE (.))
 *(.jcr)
                0x000000000000f944                . = ALIGN (0x4)

.rodata         0x000000000000f944      0x314
                0x000000000000f944                PROVIDE (__ram_rodata_start, ABSOLUTE (.))
                0x000000000000f944                . = ALIGN (0x4)
 *(.rodata .rodata.* .gnu.linkonce.r.*)
 .rodata        0x000000000000f944       0x20 obj/default/main_cam_read.o
 .rodata.str1.4
                0x000000000000f964       0x42 /home/amilgeorge/altera/15.0/nios2eds/bin/gnu/H-x86_64-pc-linux-gnu/bin/../lib/gcc/nios2-elf/4.9.1/../../../../../H-x86_64-pc-linux-gnu/nios2-elf/lib/libc.a(lib_a-vfprintf.o)
                                         0x44 (size before relaxing)
 .rodata        0x000000000000f9a6       0x20 /home/amilgeorge/altera/15.0/nios2eds/bin/gnu/H-x86_64-pc-linux-gnu/bin/../lib/gcc/nios2-elf/4.9.1/../../../../../H-x86_64-pc-linux-gnu/nios2-elf/lib/libc.a(lib_a-vfprintf.o)
 *fill*         0x000000000000f9c6        0x2 
 .rodata.str1.4
                0x000000000000f9c8       0x10 /home/amilgeorge/altera/15.0/nios2eds/bin/gnu/H-x86_64-pc-linux-gnu/bin/../lib/gcc/nios2-elf/4.9.1/../../../../../H-x86_64-pc-linux-gnu/nios2-elf/lib/libc.a(lib_a-dtoa.o)
                                         0x14 (size before relaxing)
 .rodata.str1.4
                0x000000000000f9d8        0x2 /home/amilgeorge/altera/15.0/nios2eds/bin/gnu/H-x86_64-pc-linux-gnu/bin/../lib/gcc/nios2-elf/4.9.1/../../../../../H-x86_64-pc-linux-gnu/nios2-elf/lib/libc.a(lib_a-impure.o)
                                          0x4 (size before relaxing)
 *fill*         0x000000000000f9da        0x2 
 .rodata.str1.4
                0x000000000000f9dc        0xc /home/amilgeorge/altera/15.0/nios2eds/bin/gnu/H-x86_64-pc-linux-gnu/bin/../lib/gcc/nios2-elf/4.9.1/../../../../../H-x86_64-pc-linux-gnu/nios2-elf/lib/libc.a(lib_a-locale.o)
                                         0x14 (size before relaxing)
 .rodata        0x000000000000f9e8      0x124 /home/amilgeorge/altera/15.0/nios2eds/bin/gnu/H-x86_64-pc-linux-gnu/bin/../lib/gcc/nios2-elf/4.9.1/../../../../../H-x86_64-pc-linux-gnu/nios2-elf/lib/libc.a(lib_a-mprec.o)
                0x000000000000f9f4                __mprec_tinytens
                0x000000000000fa1c                __mprec_bigtens
                0x000000000000fa44                __mprec_tens
 .rodata.str1.4
                0x0000000000000000       0x30 /home/amilgeorge/altera/15.0/nios2eds/bin/gnu/H-x86_64-pc-linux-gnu/bin/../lib/gcc/nios2-elf/4.9.1/../../../../../H-x86_64-pc-linux-gnu/nios2-elf/lib/libc.a(lib_a-vfiprintf.o)
 .rodata        0x000000000000fb0c       0x20 /home/amilgeorge/altera/15.0/nios2eds/bin/gnu/H-x86_64-pc-linux-gnu/bin/../lib/gcc/nios2-elf/4.9.1/../../../../../H-x86_64-pc-linux-gnu/nios2-elf/lib/libc.a(lib_a-vfiprintf.o)
 .rodata        0x000000000000fb2c      0x100 /home/amilgeorge/altera/15.0/nios2eds/bin/gnu/H-x86_64-pc-linux-gnu/bin/../lib/gcc/nios2-elf/4.9.1/libgcc.a(_clz.o)
                0x000000000000fb2c                __clz_tab
 .rodata        0x000000000000fc2c        0xc ../Camera_test_bsp//libhal_bsp.a(alt_dev.o)
 .rodata        0x000000000000fc38       0x10 ../Camera_test_bsp//libhal_bsp.a(alt_main.o)
 .rodata        0x000000000000fc48       0x10 ../Camera_test_bsp//libhal_bsp.a(alt_sys_init.o)
 *(.rodata1)
                0x000000000000fc58                . = ALIGN (0x4)
                0x000000000000fc58                PROVIDE (__ram_rodata_end, ABSOLUTE (.))
                0x000000000000f944                PROVIDE (__flash_rodata_start, LOADADDR (.rodata))

.rwdata         0x000000000000fc58     0x1aec load address 0x0000000000011744
                0x000000000000fc58                PROVIDE (__ram_rwdata_start, ABSOLUTE (.))
                0x000000000000fc58                . = ALIGN (0x4)
 *(.got.plt)
 *(.got)
 *(.data1)
 *(.data .data.* .gnu.linkonce.d.*)
 .data          0x000000000000fc58        0x0 ../Camera_test_bsp//obj/HAL/src/crt0.o
 .data          0x000000000000fc58        0x0 obj/default/main.o
 .data          0x000000000000fc58        0x0 obj/default/main_cam_read.o
 .data          0x000000000000fc58        0x0 /home/amilgeorge/altera/15.0/nios2eds/bin/gnu/H-x86_64-pc-linux-gnu/bin/../lib/gcc/nios2-elf/4.9.1/../../../../../H-x86_64-pc-linux-gnu/nios2-elf/lib/libc.a(lib_a-printf.o)
 .data          0x000000000000fc58        0x0 /home/amilgeorge/altera/15.0/nios2eds/bin/gnu/H-x86_64-pc-linux-gnu/bin/../lib/gcc/nios2-elf/4.9.1/../../../../../H-x86_64-pc-linux-gnu/nios2-elf/lib/libc.a(lib_a-vfprintf.o)
 .data          0x000000000000fc58        0x0 /home/amilgeorge/altera/15.0/nios2eds/bin/gnu/H-x86_64-pc-linux-gnu/bin/../lib/gcc/nios2-elf/4.9.1/../../../../../H-x86_64-pc-linux-gnu/nios2-elf/lib/libc.a(lib_a-wsetup.o)
 .data          0x000000000000fc58        0x0 /home/amilgeorge/altera/15.0/nios2eds/bin/gnu/H-x86_64-pc-linux-gnu/bin/../lib/gcc/nios2-elf/4.9.1/../../../../../H-x86_64-pc-linux-gnu/nios2-elf/lib/libc.a(lib_a-dtoa.o)
 .data          0x000000000000fc58        0x0 /home/amilgeorge/altera/15.0/nios2eds/bin/gnu/H-x86_64-pc-linux-gnu/bin/../lib/gcc/nios2-elf/4.9.1/../../../../../H-x86_64-pc-linux-gnu/nios2-elf/lib/libc.a(lib_a-fflush.o)
 .data          0x000000000000fc58        0x0 /home/amilgeorge/altera/15.0/nios2eds/bin/gnu/H-x86_64-pc-linux-gnu/bin/../lib/gcc/nios2-elf/4.9.1/../../../../../H-x86_64-pc-linux-gnu/nios2-elf/lib/libc.a(lib_a-findfp.o)
 .data          0x000000000000fc58        0x0 /home/amilgeorge/altera/15.0/nios2eds/bin/gnu/H-x86_64-pc-linux-gnu/bin/../lib/gcc/nios2-elf/4.9.1/../../../../../H-x86_64-pc-linux-gnu/nios2-elf/lib/libc.a(lib_a-freer.o)
 .data          0x000000000000fc58        0x0 /home/amilgeorge/altera/15.0/nios2eds/bin/gnu/H-x86_64-pc-linux-gnu/bin/../lib/gcc/nios2-elf/4.9.1/../../../../../H-x86_64-pc-linux-gnu/nios2-elf/lib/libc.a(lib_a-fwalk.o)
 .data          0x000000000000fc58      0x424 /home/amilgeorge/altera/15.0/nios2eds/bin/gnu/H-x86_64-pc-linux-gnu/bin/../lib/gcc/nios2-elf/4.9.1/../../../../../H-x86_64-pc-linux-gnu/nios2-elf/lib/libc.a(lib_a-impure.o)
 .data          0x000000000001007c       0x78 /home/amilgeorge/altera/15.0/nios2eds/bin/gnu/H-x86_64-pc-linux-gnu/bin/../lib/gcc/nios2-elf/4.9.1/../../../../../H-x86_64-pc-linux-gnu/nios2-elf/lib/libc.a(lib_a-locale.o)
 .data          0x00000000000100f4        0x0 /home/amilgeorge/altera/15.0/nios2eds/bin/gnu/H-x86_64-pc-linux-gnu/bin/../lib/gcc/nios2-elf/4.9.1/../../../../../H-x86_64-pc-linux-gnu/nios2-elf/lib/libc.a(lib_a-makebuf.o)
 .data          0x00000000000100f4      0x408 /home/amilgeorge/altera/15.0/nios2eds/bin/gnu/H-x86_64-pc-linux-gnu/bin/../lib/gcc/nios2-elf/4.9.1/../../../../../H-x86_64-pc-linux-gnu/nios2-elf/lib/libc.a(lib_a-mallocr.o)
                0x00000000000100f4                __malloc_av_
 .data          0x00000000000104fc        0x0 /home/amilgeorge/altera/15.0/nios2eds/bin/gnu/H-x86_64-pc-linux-gnu/bin/../lib/gcc/nios2-elf/4.9.1/../../../../../H-x86_64-pc-linux-gnu/nios2-elf/lib/libc.a(lib_a-memchr.o)
 .data          0x00000000000104fc        0x0 /home/amilgeorge/altera/15.0/nios2eds/bin/gnu/H-x86_64-pc-linux-gnu/bin/../lib/gcc/nios2-elf/4.9.1/../../../../../H-x86_64-pc-linux-gnu/nios2-elf/lib/libc.a(lib_a-memcpy.o)
 .data          0x00000000000104fc        0x0 /home/amilgeorge/altera/15.0/nios2eds/bin/gnu/H-x86_64-pc-linux-gnu/bin/../lib/gcc/nios2-elf/4.9.1/../../../../../H-x86_64-pc-linux-gnu/nios2-elf/lib/libc.a(lib_a-memset.o)
 .data          0x00000000000104fc        0x0 /home/amilgeorge/altera/15.0/nios2eds/bin/gnu/H-x86_64-pc-linux-gnu/bin/../lib/gcc/nios2-elf/4.9.1/../../../../../H-x86_64-pc-linux-gnu/nios2-elf/lib/libc.a(lib_a-mprec.o)
 .data          0x00000000000104fc        0x0 /home/amilgeorge/altera/15.0/nios2eds/bin/gnu/H-x86_64-pc-linux-gnu/bin/../lib/gcc/nios2-elf/4.9.1/../../../../../H-x86_64-pc-linux-gnu/nios2-elf/lib/libc.a(lib_a-s_fpclassify.o)
 .data          0x00000000000104fc        0x0 /home/amilgeorge/altera/15.0/nios2eds/bin/gnu/H-x86_64-pc-linux-gnu/bin/../lib/gcc/nios2-elf/4.9.1/../../../../../H-x86_64-pc-linux-gnu/nios2-elf/lib/libc.a(lib_a-sbrkr.o)
 .data          0x00000000000104fc        0x0 /home/amilgeorge/altera/15.0/nios2eds/bin/gnu/H-x86_64-pc-linux-gnu/bin/../lib/gcc/nios2-elf/4.9.1/../../../../../H-x86_64-pc-linux-gnu/nios2-elf/lib/libc.a(lib_a-stdio.o)
 .data          0x00000000000104fc        0x0 /home/amilgeorge/altera/15.0/nios2eds/bin/gnu/H-x86_64-pc-linux-gnu/bin/../lib/gcc/nios2-elf/4.9.1/../../../../../H-x86_64-pc-linux-gnu/nios2-elf/lib/libc.a(lib_a-strcmp.o)
 .data          0x00000000000104fc        0x0 /home/amilgeorge/altera/15.0/nios2eds/bin/gnu/H-x86_64-pc-linux-gnu/bin/../lib/gcc/nios2-elf/4.9.1/../../../../../H-x86_64-pc-linux-gnu/nios2-elf/lib/libc.a(lib_a-strlen.o)
 .data          0x00000000000104fc        0x0 /home/amilgeorge/altera/15.0/nios2eds/bin/gnu/H-x86_64-pc-linux-gnu/bin/../lib/gcc/nios2-elf/4.9.1/../../../../../H-x86_64-pc-linux-gnu/nios2-elf/lib/libc.a(lib_a-vfiprintf.o)
 .data          0x00000000000104fc        0x0 /home/amilgeorge/altera/15.0/nios2eds/bin/gnu/H-x86_64-pc-linux-gnu/bin/../lib/gcc/nios2-elf/4.9.1/../../../../../H-x86_64-pc-linux-gnu/nios2-elf/lib/libc.a(lib_a-writer.o)
 .data          0x00000000000104fc        0x0 /home/amilgeorge/altera/15.0/nios2eds/bin/gnu/H-x86_64-pc-linux-gnu/bin/../lib/gcc/nios2-elf/4.9.1/../../../../../H-x86_64-pc-linux-gnu/nios2-elf/lib/libc.a(closer.o)
 .data          0x00000000000104fc        0x0 /home/amilgeorge/altera/15.0/nios2eds/bin/gnu/H-x86_64-pc-linux-gnu/bin/../lib/gcc/nios2-elf/4.9.1/../../../../../H-x86_64-pc-linux-gnu/nios2-elf/lib/libc.a(lib_a-callocr.o)
 .data          0x00000000000104fc        0x0 /home/amilgeorge/altera/15.0/nios2eds/bin/gnu/H-x86_64-pc-linux-gnu/bin/../lib/gcc/nios2-elf/4.9.1/../../../../../H-x86_64-pc-linux-gnu/nios2-elf/lib/libc.a(lib_a-fclose.o)
 .data          0x00000000000104fc        0x0 /home/amilgeorge/altera/15.0/nios2eds/bin/gnu/H-x86_64-pc-linux-gnu/bin/../lib/gcc/nios2-elf/4.9.1/../../../../../H-x86_64-pc-linux-gnu/nios2-elf/lib/libc.a(lib_a-fputwc.o)
 .data          0x00000000000104fc        0x0 /home/amilgeorge/altera/15.0/nios2eds/bin/gnu/H-x86_64-pc-linux-gnu/bin/../lib/gcc/nios2-elf/4.9.1/../../../../../H-x86_64-pc-linux-gnu/nios2-elf/lib/libc.a(lib_a-fstatr.o)
 .data          0x00000000000104fc        0x0 /home/amilgeorge/altera/15.0/nios2eds/bin/gnu/H-x86_64-pc-linux-gnu/bin/../lib/gcc/nios2-elf/4.9.1/../../../../../H-x86_64-pc-linux-gnu/nios2-elf/lib/libc.a(lib_a-fvwrite.o)
 .data          0x00000000000104fc        0x0 /home/amilgeorge/altera/15.0/nios2eds/bin/gnu/H-x86_64-pc-linux-gnu/bin/../lib/gcc/nios2-elf/4.9.1/../../../../../H-x86_64-pc-linux-gnu/nios2-elf/lib/libc.a(lib_a-int_errno.o)
 .data          0x00000000000104fc        0x0 /home/amilgeorge/altera/15.0/nios2eds/bin/gnu/H-x86_64-pc-linux-gnu/bin/../lib/gcc/nios2-elf/4.9.1/../../../../../H-x86_64-pc-linux-gnu/nios2-elf/lib/libc.a(lib_a-isattyr.o)
 .data          0x00000000000104fc        0x0 /home/amilgeorge/altera/15.0/nios2eds/bin/gnu/H-x86_64-pc-linux-gnu/bin/../lib/gcc/nios2-elf/4.9.1/../../../../../H-x86_64-pc-linux-gnu/nios2-elf/lib/libc.a(lib_a-lseekr.o)
 .data          0x00000000000104fc        0x0 /home/amilgeorge/altera/15.0/nios2eds/bin/gnu/H-x86_64-pc-linux-gnu/bin/../lib/gcc/nios2-elf/4.9.1/../../../../../H-x86_64-pc-linux-gnu/nios2-elf/lib/libc.a(lib_a-memmove.o)
 .data          0x00000000000104fc        0x0 /home/amilgeorge/altera/15.0/nios2eds/bin/gnu/H-x86_64-pc-linux-gnu/bin/../lib/gcc/nios2-elf/4.9.1/../../../../../H-x86_64-pc-linux-gnu/nios2-elf/lib/libc.a(lib_a-readr.o)
 .data          0x00000000000104fc        0x0 /home/amilgeorge/altera/15.0/nios2eds/bin/gnu/H-x86_64-pc-linux-gnu/bin/../lib/gcc/nios2-elf/4.9.1/../../../../../H-x86_64-pc-linux-gnu/nios2-elf/lib/libc.a(lib_a-reallocr.o)
 .data          0x00000000000104fc        0x0 /home/amilgeorge/altera/15.0/nios2eds/bin/gnu/H-x86_64-pc-linux-gnu/bin/../lib/gcc/nios2-elf/4.9.1/../../../../../H-x86_64-pc-linux-gnu/nios2-elf/lib/libc.a(lib_a-wbuf.o)
 .data          0x00000000000104fc        0x0 /home/amilgeorge/altera/15.0/nios2eds/bin/gnu/H-x86_64-pc-linux-gnu/bin/../lib/gcc/nios2-elf/4.9.1/../../../../../H-x86_64-pc-linux-gnu/nios2-elf/lib/libc.a(lib_a-wcrtomb.o)
 .data          0x00000000000104fc        0x0 /home/amilgeorge/altera/15.0/nios2eds/bin/gnu/H-x86_64-pc-linux-gnu/bin/../lib/gcc/nios2-elf/4.9.1/../../../../../H-x86_64-pc-linux-gnu/nios2-elf/lib/libc.a(lib_a-wctomb_r.o)
 .data          0x00000000000104fc        0x0 /home/amilgeorge/altera/15.0/nios2eds/bin/gnu/H-x86_64-pc-linux-gnu/bin/../lib/gcc/nios2-elf/4.9.1/libgcc.a(_udivdi3.o)
 .data          0x00000000000104fc        0x0 /home/amilgeorge/altera/15.0/nios2eds/bin/gnu/H-x86_64-pc-linux-gnu/bin/../lib/gcc/nios2-elf/4.9.1/libgcc.a(_umoddi3.o)
 .data          0x00000000000104fc        0x0 /home/amilgeorge/altera/15.0/nios2eds/bin/gnu/H-x86_64-pc-linux-gnu/bin/../lib/gcc/nios2-elf/4.9.1/libgcc.a(lib2-divmod.o)
 .data          0x00000000000104fc        0x0 /home/amilgeorge/altera/15.0/nios2eds/bin/gnu/H-x86_64-pc-linux-gnu/bin/../lib/gcc/nios2-elf/4.9.1/libgcc.a(adddf3.o)
 .data          0x00000000000104fc        0x0 /home/amilgeorge/altera/15.0/nios2eds/bin/gnu/H-x86_64-pc-linux-gnu/bin/../lib/gcc/nios2-elf/4.9.1/libgcc.a(divdf3.o)
 .data          0x00000000000104fc        0x0 /home/amilgeorge/altera/15.0/nios2eds/bin/gnu/H-x86_64-pc-linux-gnu/bin/../lib/gcc/nios2-elf/4.9.1/libgcc.a(eqdf2.o)
 .data          0x00000000000104fc        0x0 /home/amilgeorge/altera/15.0/nios2eds/bin/gnu/H-x86_64-pc-linux-gnu/bin/../lib/gcc/nios2-elf/4.9.1/libgcc.a(gedf2.o)
 .data          0x00000000000104fc        0x0 /home/amilgeorge/altera/15.0/nios2eds/bin/gnu/H-x86_64-pc-linux-gnu/bin/../lib/gcc/nios2-elf/4.9.1/libgcc.a(ledf2.o)
 .data          0x00000000000104fc        0x0 /home/amilgeorge/altera/15.0/nios2eds/bin/gnu/H-x86_64-pc-linux-gnu/bin/../lib/gcc/nios2-elf/4.9.1/libgcc.a(muldf3.o)
 .data          0x00000000000104fc        0x0 /home/amilgeorge/altera/15.0/nios2eds/bin/gnu/H-x86_64-pc-linux-gnu/bin/../lib/gcc/nios2-elf/4.9.1/libgcc.a(subdf3.o)
 .data          0x00000000000104fc        0x0 /home/amilgeorge/altera/15.0/nios2eds/bin/gnu/H-x86_64-pc-linux-gnu/bin/../lib/gcc/nios2-elf/4.9.1/libgcc.a(fixdfsi.o)
 .data          0x00000000000104fc        0x0 /home/amilgeorge/altera/15.0/nios2eds/bin/gnu/H-x86_64-pc-linux-gnu/bin/../lib/gcc/nios2-elf/4.9.1/libgcc.a(floatsidf.o)
 .data          0x00000000000104fc        0x0 /home/amilgeorge/altera/15.0/nios2eds/bin/gnu/H-x86_64-pc-linux-gnu/bin/../lib/gcc/nios2-elf/4.9.1/libgcc.a(floatunsidf.o)
 .data          0x00000000000104fc        0x0 /home/amilgeorge/altera/15.0/nios2eds/bin/gnu/H-x86_64-pc-linux-gnu/bin/../lib/gcc/nios2-elf/4.9.1/libgcc.a(_clz.o)
 .data          0x00000000000104fc        0x0 /home/amilgeorge/altera/15.0/nios2eds/bin/gnu/H-x86_64-pc-linux-gnu/bin/../lib/gcc/nios2-elf/4.9.1/libgcc.a(_clzsi2.o)
 .data          0x00000000000104fc        0x0 ../Camera_test_bsp//libhal_bsp.a(alt_close.o)
 .data          0x00000000000104fc      0x1a8 ../Camera_test_bsp//libhal_bsp.a(alt_dev.o)
                0x00000000000104fc                alt_dev_null
                0x0000000000010524                alt_fd_list
 .data          0x00000000000106a4        0x0 ../Camera_test_bsp//libhal_bsp.a(alt_errno.o)
 .data          0x00000000000106a4        0x0 ../Camera_test_bsp//libhal_bsp.a(alt_fstat.o)
 .data          0x00000000000106a4        0x0 ../Camera_test_bsp//libhal_bsp.a(alt_isatty.o)
 .data          0x00000000000106a4        0x0 ../Camera_test_bsp//libhal_bsp.a(alt_load.o)
 .data          0x00000000000106a4        0x0 ../Camera_test_bsp//libhal_bsp.a(alt_lseek.o)
 .data          0x00000000000106a4        0x0 ../Camera_test_bsp//libhal_bsp.a(alt_main.o)
 .data          0x00000000000106a4        0x0 ../Camera_test_bsp//libhal_bsp.a(alt_malloc_lock.o)
 .data          0x00000000000106a4        0x0 ../Camera_test_bsp//libhal_bsp.a(alt_read.o)
 .data          0x00000000000106a4        0x0 ../Camera_test_bsp//libhal_bsp.a(alt_release_fd.o)
 .data          0x00000000000106a4        0x0 ../Camera_test_bsp//libhal_bsp.a(alt_sbrk.o)
 .data          0x00000000000106a4        0x0 ../Camera_test_bsp//libhal_bsp.a(alt_usleep.o)
 .data          0x00000000000106a4        0x0 ../Camera_test_bsp//libhal_bsp.a(alt_write.o)
 .data          0x00000000000106a4     0x1060 ../Camera_test_bsp//libhal_bsp.a(alt_sys_init.o)
 .data          0x0000000000011704        0x0 ../Camera_test_bsp//libhal_bsp.a(altera_avalon_jtag_uart_fd.o)
 .data          0x0000000000011704        0x0 ../Camera_test_bsp//libhal_bsp.a(altera_avalon_jtag_uart_init.o)
 .data          0x0000000000011704        0x0 ../Camera_test_bsp//libhal_bsp.a(altera_avalon_jtag_uart_ioctl.o)
 .data          0x0000000000011704        0x0 ../Camera_test_bsp//libhal_bsp.a(altera_avalon_jtag_uart_read.o)
 .data          0x0000000000011704        0x0 ../Camera_test_bsp//libhal_bsp.a(altera_avalon_jtag_uart_write.o)
 .data          0x0000000000011704        0x0 ../Camera_test_bsp//libhal_bsp.a(altera_avalon_timer_sc.o)
 .data          0x0000000000011704        0x0 ../Camera_test_bsp//libhal_bsp.a(alt_alarm_start.o)
 .data          0x0000000000011704        0x0 ../Camera_test_bsp//libhal_bsp.a(alt_busy_sleep.o)
 .data          0x0000000000011704        0x0 ../Camera_test_bsp//libhal_bsp.a(alt_dcache_flush_all.o)
 .data          0x0000000000011704        0x0 ../Camera_test_bsp//libhal_bsp.a(alt_dev_llist_insert.o)
 .data          0x0000000000011704        0x0 ../Camera_test_bsp//libhal_bsp.a(alt_do_ctors.o)
 .data          0x0000000000011704        0x0 ../Camera_test_bsp//libhal_bsp.a(alt_do_dtors.o)
 .data          0x0000000000011704        0x0 ../Camera_test_bsp//libhal_bsp.a(alt_icache_flush_all.o)
 .data          0x0000000000011704        0x0 ../Camera_test_bsp//libhal_bsp.a(alt_iic.o)
 .data          0x0000000000011704        0x0 ../Camera_test_bsp//libhal_bsp.a(alt_iic_isr_register.o)
 .data          0x0000000000011704        0x0 ../Camera_test_bsp//libhal_bsp.a(alt_io_redirect.o)
 .data          0x0000000000011704        0x0 ../Camera_test_bsp//libhal_bsp.a(alt_irq_entry.o)
 .data          0x0000000000011704        0x0 ../Camera_test_bsp//libhal_bsp.a(alt_irq_handler.o)
 .data          0x0000000000011704        0x0 ../Camera_test_bsp//libhal_bsp.a(alt_irq_vars.o)
 .data          0x0000000000011704        0x0 ../Camera_test_bsp//libhal_bsp.a(alt_open.o)
 .data          0x0000000000011704        0x0 ../Camera_test_bsp//libhal_bsp.a(alt_tick.o)
 .data          0x0000000000011704        0x0 ../Camera_test_bsp//libhal_bsp.a(altera_nios2_irq.o)
 .data          0x0000000000011704        0x0 ../Camera_test_bsp//libhal_bsp.a(alt_exception_entry.o)
 .data          0x0000000000011704        0x0 ../Camera_test_bsp//libhal_bsp.a(alt_find_dev.o)
 .data          0x0000000000011704        0x0 ../Camera_test_bsp//libhal_bsp.a(alt_find_file.o)
 .data          0x0000000000011704        0x0 ../Camera_test_bsp//libhal_bsp.a(alt_get_fd.o)
 .data          0x0000000000011704        0x0 ../Camera_test_bsp//libhal_bsp.a(alt_icache_flush.o)
 .data          0x0000000000011704        0x0 /home/amilgeorge/altera/15.0/nios2eds/bin/gnu/H-x86_64-pc-linux-gnu/bin/../lib/gcc/nios2-elf/4.9.1/../../../../../H-x86_64-pc-linux-gnu/nios2-elf/lib/libc.a(lib_a-atexit.o)
 .data          0x0000000000011704        0x0 /home/amilgeorge/altera/15.0/nios2eds/bin/gnu/H-x86_64-pc-linux-gnu/bin/../lib/gcc/nios2-elf/4.9.1/../../../../../H-x86_64-pc-linux-gnu/nios2-elf/lib/libc.a(lib_a-exit.o)
 .data          0x0000000000011704        0x0 /home/amilgeorge/altera/15.0/nios2eds/bin/gnu/H-x86_64-pc-linux-gnu/bin/../lib/gcc/nios2-elf/4.9.1/../../../../../H-x86_64-pc-linux-gnu/nios2-elf/lib/libc.a(lib_a-memcmp.o)
 .data          0x0000000000011704        0x0 /home/amilgeorge/altera/15.0/nios2eds/bin/gnu/H-x86_64-pc-linux-gnu/bin/../lib/gcc/nios2-elf/4.9.1/../../../../../H-x86_64-pc-linux-gnu/nios2-elf/lib/libc.a(lib_a-__atexit.o)
 .data          0x0000000000011704        0x0 /home/amilgeorge/altera/15.0/nios2eds/bin/gnu/H-x86_64-pc-linux-gnu/bin/../lib/gcc/nios2-elf/4.9.1/../../../../../H-x86_64-pc-linux-gnu/nios2-elf/lib/libc.a(lib_a-__call_atexit.o)
 .data          0x0000000000011704        0x0 ../Camera_test_bsp//libhal_bsp.a(alt_exit.o)
                0x0000000000019704                _gp = ABSOLUTE ((. + 0x8000))
                0x0000000000019704                PROVIDE (gp, _gp)
 *(.rwdata .rwdata.*)
 *(.sdata .sdata.* .gnu.linkonce.s.*)
 .sdata         0x0000000000011704        0x8 /home/amilgeorge/altera/15.0/nios2eds/bin/gnu/H-x86_64-pc-linux-gnu/bin/../lib/gcc/nios2-elf/4.9.1/../../../../../H-x86_64-pc-linux-gnu/nios2-elf/lib/libc.a(lib_a-impure.o)
                0x0000000000011704                _global_impure_ptr
                0x0000000000011708                _impure_ptr
 .sdata         0x000000000001170c        0x4 /home/amilgeorge/altera/15.0/nios2eds/bin/gnu/H-x86_64-pc-linux-gnu/bin/../lib/gcc/nios2-elf/4.9.1/../../../../../H-x86_64-pc-linux-gnu/nios2-elf/lib/libc.a(lib_a-locale.o)
                0x000000000001170c                __mb_cur_max
 .sdata         0x0000000000011710        0x8 /home/amilgeorge/altera/15.0/nios2eds/bin/gnu/H-x86_64-pc-linux-gnu/bin/../lib/gcc/nios2-elf/4.9.1/../../../../../H-x86_64-pc-linux-gnu/nios2-elf/lib/libc.a(lib_a-mallocr.o)
                0x0000000000011710                __malloc_sbrk_base
                0x0000000000011714                __malloc_trim_threshold
 .sdata         0x0000000000011718        0x4 /home/amilgeorge/altera/15.0/nios2eds/bin/gnu/H-x86_64-pc-linux-gnu/bin/../lib/gcc/nios2-elf/4.9.1/../../../../../H-x86_64-pc-linux-gnu/nios2-elf/lib/libc.a(lib_a-wctomb_r.o)
                0x0000000000011718                __wctomb
 .sdata         0x000000000001171c       0x14 ../Camera_test_bsp//libhal_bsp.a(alt_dev.o)
                0x000000000001171c                alt_fs_list
                0x0000000000011724                alt_dev_list
                0x000000000001172c                alt_max_fd
 .sdata         0x0000000000011730        0x4 ../Camera_test_bsp//libhal_bsp.a(alt_errno.o)
                0x0000000000011730                alt_errno
 .sdata         0x0000000000011734        0x4 ../Camera_test_bsp//libhal_bsp.a(alt_sbrk.o)
 .sdata         0x0000000000011738        0x4 ../Camera_test_bsp//libhal_bsp.a(alt_irq_vars.o)
                0x0000000000011738                alt_priority_mask
 .sdata         0x000000000001173c        0x8 ../Camera_test_bsp//libhal_bsp.a(alt_tick.o)
                0x000000000001173c                alt_alarm_list
 *(.sdata2 .sdata2.* .gnu.linkonce.s2.*)
                0x0000000000011744                . = ALIGN (0x4)
                0x0000000000011744                _edata = ABSOLUTE (.)
                0x0000000000011744                PROVIDE (edata, ABSOLUTE (.))
                0x0000000000011744                PROVIDE (__ram_rwdata_end, ABSOLUTE (.))
                0x0000000000011744                PROVIDE (__flash_rwdata_start, LOADADDR (.rwdata))

.bss            0x0000000000013230      0x160
                0x0000000000013230                __bss_start = ABSOLUTE (.)
                0x0000000000013230                PROVIDE (__sbss_start, ABSOLUTE (.))
                0x0000000000013230                PROVIDE (___sbss_start, ABSOLUTE (.))
 *(.dynsbss)
 *(.sbss .sbss.* .gnu.linkonce.sb.*)
 .sbss          0x0000000000013230        0x4 obj/default/main_cam_read.o
                0x0000000000013230                lcd_frame
 .sbss          0x0000000000013234        0xc /home/amilgeorge/altera/15.0/nios2eds/bin/gnu/H-x86_64-pc-linux-gnu/bin/../lib/gcc/nios2-elf/4.9.1/../../../../../H-x86_64-pc-linux-gnu/nios2-elf/lib/libc.a(lib_a-locale.o)
                0x0000000000013234                _PathLocale
                0x0000000000013238                __mlocale_changed
                0x000000000001323c                __nlocale_changed
 .sbss          0x0000000000013240        0xc /home/amilgeorge/altera/15.0/nios2eds/bin/gnu/H-x86_64-pc-linux-gnu/bin/../lib/gcc/nios2-elf/4.9.1/../../../../../H-x86_64-pc-linux-gnu/nios2-elf/lib/libc.a(lib_a-mallocr.o)
                0x0000000000013240                __malloc_max_total_mem
                0x0000000000013244                __malloc_max_sbrked_mem
                0x0000000000013248                __malloc_top_pad
 .sbss          0x000000000001324c        0x4 /home/amilgeorge/altera/15.0/nios2eds/bin/gnu/H-x86_64-pc-linux-gnu/bin/../lib/gcc/nios2-elf/4.9.1/../../../../../H-x86_64-pc-linux-gnu/nios2-elf/lib/libc.a(lib_a-int_errno.o)
                0x000000000001324c                errno
 .sbss          0x0000000000013250        0xc ../Camera_test_bsp//libhal_bsp.a(alt_main.o)
                0x0000000000013250                alt_argc
                0x0000000000013254                alt_argv
                0x0000000000013258                alt_envp
 .sbss          0x000000000001325c        0x4 ../Camera_test_bsp//libhal_bsp.a(alt_irq_vars.o)
                0x000000000001325c                alt_irq_active
 .sbss          0x0000000000013260        0x8 ../Camera_test_bsp//libhal_bsp.a(alt_tick.o)
                0x0000000000013260                _alt_tick_rate
                0x0000000000013264                _alt_nticks
 *(.sbss2 .sbss2.* .gnu.linkonce.sb2.*)
 *(.scommon)
                0x0000000000013268                PROVIDE (__sbss_end, ABSOLUTE (.))
                0x0000000000013268                PROVIDE (___sbss_end, ABSOLUTE (.))
 *(.dynbss)
 *(.bss .bss.* .gnu.linkonce.b.*)
 .bss           0x0000000000013268        0x0 ../Camera_test_bsp//obj/HAL/src/crt0.o
 .bss           0x0000000000013268        0x0 obj/default/main.o
 .bss           0x0000000000013268        0x0 obj/default/main_cam_read.o
 .bss           0x0000000000013268        0x0 /home/amilgeorge/altera/15.0/nios2eds/bin/gnu/H-x86_64-pc-linux-gnu/bin/../lib/gcc/nios2-elf/4.9.1/../../../../../H-x86_64-pc-linux-gnu/nios2-elf/lib/libc.a(lib_a-printf.o)
 .bss           0x0000000000013268        0x0 /home/amilgeorge/altera/15.0/nios2eds/bin/gnu/H-x86_64-pc-linux-gnu/bin/../lib/gcc/nios2-elf/4.9.1/../../../../../H-x86_64-pc-linux-gnu/nios2-elf/lib/libc.a(lib_a-vfprintf.o)
 .bss           0x0000000000013268        0x0 /home/amilgeorge/altera/15.0/nios2eds/bin/gnu/H-x86_64-pc-linux-gnu/bin/../lib/gcc/nios2-elf/4.9.1/../../../../../H-x86_64-pc-linux-gnu/nios2-elf/lib/libc.a(lib_a-wsetup.o)
 .bss           0x0000000000013268        0x0 /home/amilgeorge/altera/15.0/nios2eds/bin/gnu/H-x86_64-pc-linux-gnu/bin/../lib/gcc/nios2-elf/4.9.1/../../../../../H-x86_64-pc-linux-gnu/nios2-elf/lib/libc.a(lib_a-dtoa.o)
 .bss           0x0000000000013268        0x0 /home/amilgeorge/altera/15.0/nios2eds/bin/gnu/H-x86_64-pc-linux-gnu/bin/../lib/gcc/nios2-elf/4.9.1/../../../../../H-x86_64-pc-linux-gnu/nios2-elf/lib/libc.a(lib_a-fflush.o)
 .bss           0x0000000000013268        0x0 /home/amilgeorge/altera/15.0/nios2eds/bin/gnu/H-x86_64-pc-linux-gnu/bin/../lib/gcc/nios2-elf/4.9.1/../../../../../H-x86_64-pc-linux-gnu/nios2-elf/lib/libc.a(lib_a-findfp.o)
 .bss           0x0000000000013268        0x0 /home/amilgeorge/altera/15.0/nios2eds/bin/gnu/H-x86_64-pc-linux-gnu/bin/../lib/gcc/nios2-elf/4.9.1/../../../../../H-x86_64-pc-linux-gnu/nios2-elf/lib/libc.a(lib_a-freer.o)
 .bss           0x0000000000013268        0x0 /home/amilgeorge/altera/15.0/nios2eds/bin/gnu/H-x86_64-pc-linux-gnu/bin/../lib/gcc/nios2-elf/4.9.1/../../../../../H-x86_64-pc-linux-gnu/nios2-elf/lib/libc.a(lib_a-fwalk.o)
 .bss           0x0000000000013268        0x0 /home/amilgeorge/altera/15.0/nios2eds/bin/gnu/H-x86_64-pc-linux-gnu/bin/../lib/gcc/nios2-elf/4.9.1/../../../../../H-x86_64-pc-linux-gnu/nios2-elf/lib/libc.a(lib_a-impure.o)
 .bss           0x0000000000013268        0x0 /home/amilgeorge/altera/15.0/nios2eds/bin/gnu/H-x86_64-pc-linux-gnu/bin/../lib/gcc/nios2-elf/4.9.1/../../../../../H-x86_64-pc-linux-gnu/nios2-elf/lib/libc.a(lib_a-locale.o)
 .bss           0x0000000000013268        0x0 /home/amilgeorge/altera/15.0/nios2eds/bin/gnu/H-x86_64-pc-linux-gnu/bin/../lib/gcc/nios2-elf/4.9.1/../../../../../H-x86_64-pc-linux-gnu/nios2-elf/lib/libc.a(lib_a-makebuf.o)
 .bss           0x0000000000013268       0x28 /home/amilgeorge/altera/15.0/nios2eds/bin/gnu/H-x86_64-pc-linux-gnu/bin/../lib/gcc/nios2-elf/4.9.1/../../../../../H-x86_64-pc-linux-gnu/nios2-elf/lib/libc.a(lib_a-mallocr.o)
                0x0000000000013268                __malloc_current_mallinfo
 .bss           0x0000000000013290        0x0 /home/amilgeorge/altera/15.0/nios2eds/bin/gnu/H-x86_64-pc-linux-gnu/bin/../lib/gcc/nios2-elf/4.9.1/../../../../../H-x86_64-pc-linux-gnu/nios2-elf/lib/libc.a(lib_a-memchr.o)
 .bss           0x0000000000013290        0x0 /home/amilgeorge/altera/15.0/nios2eds/bin/gnu/H-x86_64-pc-linux-gnu/bin/../lib/gcc/nios2-elf/4.9.1/../../../../../H-x86_64-pc-linux-gnu/nios2-elf/lib/libc.a(lib_a-memcpy.o)
 .bss           0x0000000000013290        0x0 /home/amilgeorge/altera/15.0/nios2eds/bin/gnu/H-x86_64-pc-linux-gnu/bin/../lib/gcc/nios2-elf/4.9.1/../../../../../H-x86_64-pc-linux-gnu/nios2-elf/lib/libc.a(lib_a-memset.o)
 .bss           0x0000000000013290        0x0 /home/amilgeorge/altera/15.0/nios2eds/bin/gnu/H-x86_64-pc-linux-gnu/bin/../lib/gcc/nios2-elf/4.9.1/../../../../../H-x86_64-pc-linux-gnu/nios2-elf/lib/libc.a(lib_a-mprec.o)
 .bss           0x0000000000013290        0x0 /home/amilgeorge/altera/15.0/nios2eds/bin/gnu/H-x86_64-pc-linux-gnu/bin/../lib/gcc/nios2-elf/4.9.1/../../../../../H-x86_64-pc-linux-gnu/nios2-elf/lib/libc.a(lib_a-s_fpclassify.o)
 .bss           0x0000000000013290        0x0 /home/amilgeorge/altera/15.0/nios2eds/bin/gnu/H-x86_64-pc-linux-gnu/bin/../lib/gcc/nios2-elf/4.9.1/../../../../../H-x86_64-pc-linux-gnu/nios2-elf/lib/libc.a(lib_a-sbrkr.o)
 .bss           0x0000000000013290        0x0 /home/amilgeorge/altera/15.0/nios2eds/bin/gnu/H-x86_64-pc-linux-gnu/bin/../lib/gcc/nios2-elf/4.9.1/../../../../../H-x86_64-pc-linux-gnu/nios2-elf/lib/libc.a(lib_a-stdio.o)
 .bss           0x0000000000013290        0x0 /home/amilgeorge/altera/15.0/nios2eds/bin/gnu/H-x86_64-pc-linux-gnu/bin/../lib/gcc/nios2-elf/4.9.1/../../../../../H-x86_64-pc-linux-gnu/nios2-elf/lib/libc.a(lib_a-strcmp.o)
 .bss           0x0000000000013290        0x0 /home/amilgeorge/altera/15.0/nios2eds/bin/gnu/H-x86_64-pc-linux-gnu/bin/../lib/gcc/nios2-elf/4.9.1/../../../../../H-x86_64-pc-linux-gnu/nios2-elf/lib/libc.a(lib_a-strlen.o)
 .bss           0x0000000000013290        0x0 /home/amilgeorge/altera/15.0/nios2eds/bin/gnu/H-x86_64-pc-linux-gnu/bin/../lib/gcc/nios2-elf/4.9.1/../../../../../H-x86_64-pc-linux-gnu/nios2-elf/lib/libc.a(lib_a-vfiprintf.o)
 .bss           0x0000000000013290        0x0 /home/amilgeorge/altera/15.0/nios2eds/bin/gnu/H-x86_64-pc-linux-gnu/bin/../lib/gcc/nios2-elf/4.9.1/../../../../../H-x86_64-pc-linux-gnu/nios2-elf/lib/libc.a(lib_a-writer.o)
 .bss           0x0000000000013290        0x0 /home/amilgeorge/altera/15.0/nios2eds/bin/gnu/H-x86_64-pc-linux-gnu/bin/../lib/gcc/nios2-elf/4.9.1/../../../../../H-x86_64-pc-linux-gnu/nios2-elf/lib/libc.a(closer.o)
 .bss           0x0000000000013290        0x0 /home/amilgeorge/altera/15.0/nios2eds/bin/gnu/H-x86_64-pc-linux-gnu/bin/../lib/gcc/nios2-elf/4.9.1/../../../../../H-x86_64-pc-linux-gnu/nios2-elf/lib/libc.a(lib_a-callocr.o)
 .bss           0x0000000000013290        0x0 /home/amilgeorge/altera/15.0/nios2eds/bin/gnu/H-x86_64-pc-linux-gnu/bin/../lib/gcc/nios2-elf/4.9.1/../../../../../H-x86_64-pc-linux-gnu/nios2-elf/lib/libc.a(lib_a-fclose.o)
 .bss           0x0000000000013290        0x0 /home/amilgeorge/altera/15.0/nios2eds/bin/gnu/H-x86_64-pc-linux-gnu/bin/../lib/gcc/nios2-elf/4.9.1/../../../../../H-x86_64-pc-linux-gnu/nios2-elf/lib/libc.a(lib_a-fputwc.o)
 .bss           0x0000000000013290        0x0 /home/amilgeorge/altera/15.0/nios2eds/bin/gnu/H-x86_64-pc-linux-gnu/bin/../lib/gcc/nios2-elf/4.9.1/../../../../../H-x86_64-pc-linux-gnu/nios2-elf/lib/libc.a(lib_a-fstatr.o)
 .bss           0x0000000000013290        0x0 /home/amilgeorge/altera/15.0/nios2eds/bin/gnu/H-x86_64-pc-linux-gnu/bin/../lib/gcc/nios2-elf/4.9.1/../../../../../H-x86_64-pc-linux-gnu/nios2-elf/lib/libc.a(lib_a-fvwrite.o)
 .bss           0x0000000000013290        0x0 /home/amilgeorge/altera/15.0/nios2eds/bin/gnu/H-x86_64-pc-linux-gnu/bin/../lib/gcc/nios2-elf/4.9.1/../../../../../H-x86_64-pc-linux-gnu/nios2-elf/lib/libc.a(lib_a-int_errno.o)
 .bss           0x0000000000013290        0x0 /home/amilgeorge/altera/15.0/nios2eds/bin/gnu/H-x86_64-pc-linux-gnu/bin/../lib/gcc/nios2-elf/4.9.1/../../../../../H-x86_64-pc-linux-gnu/nios2-elf/lib/libc.a(lib_a-isattyr.o)
 .bss           0x0000000000013290        0x0 /home/amilgeorge/altera/15.0/nios2eds/bin/gnu/H-x86_64-pc-linux-gnu/bin/../lib/gcc/nios2-elf/4.9.1/../../../../../H-x86_64-pc-linux-gnu/nios2-elf/lib/libc.a(lib_a-lseekr.o)
 .bss           0x0000000000013290        0x0 /home/amilgeorge/altera/15.0/nios2eds/bin/gnu/H-x86_64-pc-linux-gnu/bin/../lib/gcc/nios2-elf/4.9.1/../../../../../H-x86_64-pc-linux-gnu/nios2-elf/lib/libc.a(lib_a-memmove.o)
 .bss           0x0000000000013290        0x0 /home/amilgeorge/altera/15.0/nios2eds/bin/gnu/H-x86_64-pc-linux-gnu/bin/../lib/gcc/nios2-elf/4.9.1/../../../../../H-x86_64-pc-linux-gnu/nios2-elf/lib/libc.a(lib_a-readr.o)
 .bss           0x0000000000013290        0x0 /home/amilgeorge/altera/15.0/nios2eds/bin/gnu/H-x86_64-pc-linux-gnu/bin/../lib/gcc/nios2-elf/4.9.1/../../../../../H-x86_64-pc-linux-gnu/nios2-elf/lib/libc.a(lib_a-reallocr.o)
 .bss           0x0000000000013290        0x0 /home/amilgeorge/altera/15.0/nios2eds/bin/gnu/H-x86_64-pc-linux-gnu/bin/../lib/gcc/nios2-elf/4.9.1/../../../../../H-x86_64-pc-linux-gnu/nios2-elf/lib/libc.a(lib_a-wbuf.o)
 .bss           0x0000000000013290        0x0 /home/amilgeorge/altera/15.0/nios2eds/bin/gnu/H-x86_64-pc-linux-gnu/bin/../lib/gcc/nios2-elf/4.9.1/../../../../../H-x86_64-pc-linux-gnu/nios2-elf/lib/libc.a(lib_a-wcrtomb.o)
 .bss           0x0000000000013290        0x0 /home/amilgeorge/altera/15.0/nios2eds/bin/gnu/H-x86_64-pc-linux-gnu/bin/../lib/gcc/nios2-elf/4.9.1/../../../../../H-x86_64-pc-linux-gnu/nios2-elf/lib/libc.a(lib_a-wctomb_r.o)
 .bss           0x0000000000013290        0x0 /home/amilgeorge/altera/15.0/nios2eds/bin/gnu/H-x86_64-pc-linux-gnu/bin/../lib/gcc/nios2-elf/4.9.1/libgcc.a(_udivdi3.o)
 .bss           0x0000000000013290        0x0 /home/amilgeorge/altera/15.0/nios2eds/bin/gnu/H-x86_64-pc-linux-gnu/bin/../lib/gcc/nios2-elf/4.9.1/libgcc.a(_umoddi3.o)
 .bss           0x0000000000013290        0x0 /home/amilgeorge/altera/15.0/nios2eds/bin/gnu/H-x86_64-pc-linux-gnu/bin/../lib/gcc/nios2-elf/4.9.1/libgcc.a(lib2-divmod.o)
 .bss           0x0000000000013290        0x0 /home/amilgeorge/altera/15.0/nios2eds/bin/gnu/H-x86_64-pc-linux-gnu/bin/../lib/gcc/nios2-elf/4.9.1/libgcc.a(adddf3.o)
 .bss           0x0000000000013290        0x0 /home/amilgeorge/altera/15.0/nios2eds/bin/gnu/H-x86_64-pc-linux-gnu/bin/../lib/gcc/nios2-elf/4.9.1/libgcc.a(divdf3.o)
 .bss           0x0000000000013290        0x0 /home/amilgeorge/altera/15.0/nios2eds/bin/gnu/H-x86_64-pc-linux-gnu/bin/../lib/gcc/nios2-elf/4.9.1/libgcc.a(eqdf2.o)
 .bss           0x0000000000013290        0x0 /home/amilgeorge/altera/15.0/nios2eds/bin/gnu/H-x86_64-pc-linux-gnu/bin/../lib/gcc/nios2-elf/4.9.1/libgcc.a(gedf2.o)
 .bss           0x0000000000013290        0x0 /home/amilgeorge/altera/15.0/nios2eds/bin/gnu/H-x86_64-pc-linux-gnu/bin/../lib/gcc/nios2-elf/4.9.1/libgcc.a(ledf2.o)
 .bss           0x0000000000013290        0x0 /home/amilgeorge/altera/15.0/nios2eds/bin/gnu/H-x86_64-pc-linux-gnu/bin/../lib/gcc/nios2-elf/4.9.1/libgcc.a(muldf3.o)
 .bss           0x0000000000013290        0x0 /home/amilgeorge/altera/15.0/nios2eds/bin/gnu/H-x86_64-pc-linux-gnu/bin/../lib/gcc/nios2-elf/4.9.1/libgcc.a(subdf3.o)
 .bss           0x0000000000013290        0x0 /home/amilgeorge/altera/15.0/nios2eds/bin/gnu/H-x86_64-pc-linux-gnu/bin/../lib/gcc/nios2-elf/4.9.1/libgcc.a(fixdfsi.o)
 .bss           0x0000000000013290        0x0 /home/amilgeorge/altera/15.0/nios2eds/bin/gnu/H-x86_64-pc-linux-gnu/bin/../lib/gcc/nios2-elf/4.9.1/libgcc.a(floatsidf.o)
 .bss           0x0000000000013290        0x0 /home/amilgeorge/altera/15.0/nios2eds/bin/gnu/H-x86_64-pc-linux-gnu/bin/../lib/gcc/nios2-elf/4.9.1/libgcc.a(floatunsidf.o)
 .bss           0x0000000000013290        0x0 /home/amilgeorge/altera/15.0/nios2eds/bin/gnu/H-x86_64-pc-linux-gnu/bin/../lib/gcc/nios2-elf/4.9.1/libgcc.a(_clz.o)
 .bss           0x0000000000013290        0x0 /home/amilgeorge/altera/15.0/nios2eds/bin/gnu/H-x86_64-pc-linux-gnu/bin/../lib/gcc/nios2-elf/4.9.1/libgcc.a(_clzsi2.o)
 .bss           0x0000000000013290        0x0 ../Camera_test_bsp//libhal_bsp.a(alt_close.o)
 .bss           0x0000000000013290        0x0 ../Camera_test_bsp//libhal_bsp.a(alt_dev.o)
 .bss           0x0000000000013290        0x0 ../Camera_test_bsp//libhal_bsp.a(alt_errno.o)
 .bss           0x0000000000013290        0x0 ../Camera_test_bsp//libhal_bsp.a(alt_fstat.o)
 .bss           0x0000000000013290        0x0 ../Camera_test_bsp//libhal_bsp.a(alt_isatty.o)
 .bss           0x0000000000013290        0x0 ../Camera_test_bsp//libhal_bsp.a(alt_load.o)
 .bss           0x0000000000013290        0x0 ../Camera_test_bsp//libhal_bsp.a(alt_lseek.o)
 .bss           0x0000000000013290        0x0 ../Camera_test_bsp//libhal_bsp.a(alt_main.o)
 .bss           0x0000000000013290        0x0 ../Camera_test_bsp//libhal_bsp.a(alt_malloc_lock.o)
 .bss           0x0000000000013290        0x0 ../Camera_test_bsp//libhal_bsp.a(alt_read.o)
 .bss           0x0000000000013290        0x0 ../Camera_test_bsp//libhal_bsp.a(alt_release_fd.o)
 .bss           0x0000000000013290        0x0 ../Camera_test_bsp//libhal_bsp.a(alt_sbrk.o)
 .bss           0x0000000000013290        0x0 ../Camera_test_bsp//libhal_bsp.a(alt_usleep.o)
 .bss           0x0000000000013290        0x0 ../Camera_test_bsp//libhal_bsp.a(alt_write.o)
 .bss           0x0000000000013290        0x0 ../Camera_test_bsp//libhal_bsp.a(alt_sys_init.o)
 .bss           0x0000000000013290        0x0 ../Camera_test_bsp//libhal_bsp.a(altera_avalon_jtag_uart_fd.o)
 .bss           0x0000000000013290        0x0 ../Camera_test_bsp//libhal_bsp.a(altera_avalon_jtag_uart_init.o)
 .bss           0x0000000000013290        0x0 ../Camera_test_bsp//libhal_bsp.a(altera_avalon_jtag_uart_ioctl.o)
 .bss           0x0000000000013290        0x0 ../Camera_test_bsp//libhal_bsp.a(altera_avalon_jtag_uart_read.o)
 .bss           0x0000000000013290        0x0 ../Camera_test_bsp//libhal_bsp.a(altera_avalon_jtag_uart_write.o)
 .bss           0x0000000000013290        0x0 ../Camera_test_bsp//libhal_bsp.a(altera_avalon_timer_sc.o)
 .bss           0x0000000000013290        0x0 ../Camera_test_bsp//libhal_bsp.a(alt_alarm_start.o)
 .bss           0x0000000000013290        0x0 ../Camera_test_bsp//libhal_bsp.a(alt_busy_sleep.o)
 .bss           0x0000000000013290        0x0 ../Camera_test_bsp//libhal_bsp.a(alt_dcache_flush_all.o)
 .bss           0x0000000000013290        0x0 ../Camera_test_bsp//libhal_bsp.a(alt_dev_llist_insert.o)
 .bss           0x0000000000013290        0x0 ../Camera_test_bsp//libhal_bsp.a(alt_do_ctors.o)
 .bss           0x0000000000013290        0x0 ../Camera_test_bsp//libhal_bsp.a(alt_do_dtors.o)
 .bss           0x0000000000013290        0x0 ../Camera_test_bsp//libhal_bsp.a(alt_icache_flush_all.o)
 .bss           0x0000000000013290        0x0 ../Camera_test_bsp//libhal_bsp.a(alt_iic.o)
 .bss           0x0000000000013290        0x0 ../Camera_test_bsp//libhal_bsp.a(alt_iic_isr_register.o)
 .bss           0x0000000000013290        0x0 ../Camera_test_bsp//libhal_bsp.a(alt_io_redirect.o)
 .bss           0x0000000000013290        0x0 ../Camera_test_bsp//libhal_bsp.a(alt_irq_entry.o)
 .bss           0x0000000000013290        0x0 ../Camera_test_bsp//libhal_bsp.a(alt_irq_handler.o)
 .bss           0x0000000000013290        0x0 ../Camera_test_bsp//libhal_bsp.a(alt_irq_vars.o)
 .bss           0x0000000000013290        0x0 ../Camera_test_bsp//libhal_bsp.a(alt_open.o)
 .bss           0x0000000000013290        0x0 ../Camera_test_bsp//libhal_bsp.a(alt_tick.o)
 .bss           0x0000000000013290        0x0 ../Camera_test_bsp//libhal_bsp.a(altera_nios2_irq.o)
 .bss           0x0000000000013290        0x0 ../Camera_test_bsp//libhal_bsp.a(alt_exception_entry.o)
 .bss           0x0000000000013290        0x0 ../Camera_test_bsp//libhal_bsp.a(alt_find_dev.o)
 .bss           0x0000000000013290        0x0 ../Camera_test_bsp//libhal_bsp.a(alt_find_file.o)
 .bss           0x0000000000013290        0x0 ../Camera_test_bsp//libhal_bsp.a(alt_get_fd.o)
 .bss           0x0000000000013290        0x0 ../Camera_test_bsp//libhal_bsp.a(alt_icache_flush.o)
 .bss           0x0000000000013290        0x0 /home/amilgeorge/altera/15.0/nios2eds/bin/gnu/H-x86_64-pc-linux-gnu/bin/../lib/gcc/nios2-elf/4.9.1/../../../../../H-x86_64-pc-linux-gnu/nios2-elf/lib/libc.a(lib_a-atexit.o)
 .bss           0x0000000000013290        0x0 /home/amilgeorge/altera/15.0/nios2eds/bin/gnu/H-x86_64-pc-linux-gnu/bin/../lib/gcc/nios2-elf/4.9.1/../../../../../H-x86_64-pc-linux-gnu/nios2-elf/lib/libc.a(lib_a-exit.o)
 .bss           0x0000000000013290        0x0 /home/amilgeorge/altera/15.0/nios2eds/bin/gnu/H-x86_64-pc-linux-gnu/bin/../lib/gcc/nios2-elf/4.9.1/../../../../../H-x86_64-pc-linux-gnu/nios2-elf/lib/libc.a(lib_a-memcmp.o)
 .bss           0x0000000000013290        0x0 /home/amilgeorge/altera/15.0/nios2eds/bin/gnu/H-x86_64-pc-linux-gnu/bin/../lib/gcc/nios2-elf/4.9.1/../../../../../H-x86_64-pc-linux-gnu/nios2-elf/lib/libc.a(lib_a-__atexit.o)
 .bss           0x0000000000013290        0x0 /home/amilgeorge/altera/15.0/nios2eds/bin/gnu/H-x86_64-pc-linux-gnu/bin/../lib/gcc/nios2-elf/4.9.1/../../../../../H-x86_64-pc-linux-gnu/nios2-elf/lib/libc.a(lib_a-__call_atexit.o)
 .bss           0x0000000000013290        0x0 ../Camera_test_bsp//libhal_bsp.a(alt_exit.o)
 *(COMMON)
 COMMON         0x0000000000013290      0x100 ../Camera_test_bsp//libhal_bsp.a(alt_irq_handler.o)
                0x0000000000013290                alt_irq
                0x0000000000013390                . = ALIGN (0x4)
                0x0000000000013390                __bss_end = ABSOLUTE (.)

.sdram          0x0000000000013390        0x0
                0x0000000000013390                PROVIDE (_alt_partition_sdram_start, ABSOLUTE (.))
 *(.sdram .sdram. sdram.*)
                0x0000000000013390                . = ALIGN (0x4)
                0x0000000000013390                PROVIDE (_alt_partition_sdram_end, ABSOLUTE (.))
                0x0000000000013390                _end = ABSOLUTE (.)
                0x0000000000013390                end = ABSOLUTE (.)
                0x0000000000013390                __alt_stack_base = ABSOLUTE (.)
                0x0000000000013390                PROVIDE (_alt_partition_sdram_load_addr, LOADADDR (.sdram))

.stab
 *(.stab)

.stabstr
 *(.stabstr)

.stab.excl
 *(.stab.excl)

.stab.exclstr
 *(.stab.exclstr)

.stab.index
 *(.stab.index)

.stab.indexstr
 *(.stab.indexstr)

.comment        0x0000000000000000       0x23
 *(.comment)
 .comment       0x0000000000000000       0x23 obj/default/main.o
                                         0x24 (size before relaxing)
 .comment       0x0000000000000000       0x24 obj/default/main_cam_read.o
 .comment       0x0000000000000000       0x24 /home/amilgeorge/altera/15.0/nios2eds/bin/gnu/H-x86_64-pc-linux-gnu/bin/../lib/gcc/nios2-elf/4.9.1/../../../../../H-x86_64-pc-linux-gnu/nios2-elf/lib/libc.a(lib_a-printf.o)
 .comment       0x0000000000000000       0x24 /home/amilgeorge/altera/15.0/nios2eds/bin/gnu/H-x86_64-pc-linux-gnu/bin/../lib/gcc/nios2-elf/4.9.1/../../../../../H-x86_64-pc-linux-gnu/nios2-elf/lib/libc.a(lib_a-vfprintf.o)
 .comment       0x0000000000000000       0x24 /home/amilgeorge/altera/15.0/nios2eds/bin/gnu/H-x86_64-pc-linux-gnu/bin/../lib/gcc/nios2-elf/4.9.1/../../../../../H-x86_64-pc-linux-gnu/nios2-elf/lib/libc.a(lib_a-wsetup.o)
 .comment       0x0000000000000000       0x24 /home/amilgeorge/altera/15.0/nios2eds/bin/gnu/H-x86_64-pc-linux-gnu/bin/../lib/gcc/nios2-elf/4.9.1/../../../../../H-x86_64-pc-linux-gnu/nios2-elf/lib/libc.a(lib_a-dtoa.o)
 .comment       0x0000000000000000       0x24 /home/amilgeorge/altera/15.0/nios2eds/bin/gnu/H-x86_64-pc-linux-gnu/bin/../lib/gcc/nios2-elf/4.9.1/../../../../../H-x86_64-pc-linux-gnu/nios2-elf/lib/libc.a(lib_a-fflush.o)
 .comment       0x0000000000000000       0x24 /home/amilgeorge/altera/15.0/nios2eds/bin/gnu/H-x86_64-pc-linux-gnu/bin/../lib/gcc/nios2-elf/4.9.1/../../../../../H-x86_64-pc-linux-gnu/nios2-elf/lib/libc.a(lib_a-findfp.o)
 .comment       0x0000000000000000       0x24 /home/amilgeorge/altera/15.0/nios2eds/bin/gnu/H-x86_64-pc-linux-gnu/bin/../lib/gcc/nios2-elf/4.9.1/../../../../../H-x86_64-pc-linux-gnu/nios2-elf/lib/libc.a(lib_a-freer.o)
 .comment       0x0000000000000000       0x24 /home/amilgeorge/altera/15.0/nios2eds/bin/gnu/H-x86_64-pc-linux-gnu/bin/../lib/gcc/nios2-elf/4.9.1/../../../../../H-x86_64-pc-linux-gnu/nios2-elf/lib/libc.a(lib_a-fwalk.o)
 .comment       0x0000000000000000       0x24 /home/amilgeorge/altera/15.0/nios2eds/bin/gnu/H-x86_64-pc-linux-gnu/bin/../lib/gcc/nios2-elf/4.9.1/../../../../../H-x86_64-pc-linux-gnu/nios2-elf/lib/libc.a(lib_a-impure.o)
 .comment       0x0000000000000000       0x24 /home/amilgeorge/altera/15.0/nios2eds/bin/gnu/H-x86_64-pc-linux-gnu/bin/../lib/gcc/nios2-elf/4.9.1/../../../../../H-x86_64-pc-linux-gnu/nios2-elf/lib/libc.a(lib_a-locale.o)
 .comment       0x0000000000000000       0x24 /home/amilgeorge/altera/15.0/nios2eds/bin/gnu/H-x86_64-pc-linux-gnu/bin/../lib/gcc/nios2-elf/4.9.1/../../../../../H-x86_64-pc-linux-gnu/nios2-elf/lib/libc.a(lib_a-makebuf.o)
 .comment       0x0000000000000000       0x24 /home/amilgeorge/altera/15.0/nios2eds/bin/gnu/H-x86_64-pc-linux-gnu/bin/../lib/gcc/nios2-elf/4.9.1/../../../../../H-x86_64-pc-linux-gnu/nios2-elf/lib/libc.a(lib_a-mallocr.o)
 .comment       0x0000000000000000       0x24 /home/amilgeorge/altera/15.0/nios2eds/bin/gnu/H-x86_64-pc-linux-gnu/bin/../lib/gcc/nios2-elf/4.9.1/../../../../../H-x86_64-pc-linux-gnu/nios2-elf/lib/libc.a(lib_a-memchr.o)
 .comment       0x0000000000000000       0x24 /home/amilgeorge/altera/15.0/nios2eds/bin/gnu/H-x86_64-pc-linux-gnu/bin/../lib/gcc/nios2-elf/4.9.1/../../../../../H-x86_64-pc-linux-gnu/nios2-elf/lib/libc.a(lib_a-memcpy.o)
 .comment       0x0000000000000000       0x24 /home/amilgeorge/altera/15.0/nios2eds/bin/gnu/H-x86_64-pc-linux-gnu/bin/../lib/gcc/nios2-elf/4.9.1/../../../../../H-x86_64-pc-linux-gnu/nios2-elf/lib/libc.a(lib_a-memset.o)
 .comment       0x0000000000000000       0x24 /home/amilgeorge/altera/15.0/nios2eds/bin/gnu/H-x86_64-pc-linux-gnu/bin/../lib/gcc/nios2-elf/4.9.1/../../../../../H-x86_64-pc-linux-gnu/nios2-elf/lib/libc.a(lib_a-mprec.o)
 .comment       0x0000000000000000       0x24 /home/amilgeorge/altera/15.0/nios2eds/bin/gnu/H-x86_64-pc-linux-gnu/bin/../lib/gcc/nios2-elf/4.9.1/../../../../../H-x86_64-pc-linux-gnu/nios2-elf/lib/libc.a(lib_a-s_fpclassify.o)
 .comment       0x0000000000000000       0x24 /home/amilgeorge/altera/15.0/nios2eds/bin/gnu/H-x86_64-pc-linux-gnu/bin/../lib/gcc/nios2-elf/4.9.1/../../../../../H-x86_64-pc-linux-gnu/nios2-elf/lib/libc.a(lib_a-sbrkr.o)
 .comment       0x0000000000000000       0x24 /home/amilgeorge/altera/15.0/nios2eds/bin/gnu/H-x86_64-pc-linux-gnu/bin/../lib/gcc/nios2-elf/4.9.1/../../../../../H-x86_64-pc-linux-gnu/nios2-elf/lib/libc.a(lib_a-stdio.o)
 .comment       0x0000000000000000       0x24 /home/amilgeorge/altera/15.0/nios2eds/bin/gnu/H-x86_64-pc-linux-gnu/bin/../lib/gcc/nios2-elf/4.9.1/../../../../../H-x86_64-pc-linux-gnu/nios2-elf/lib/libc.a(lib_a-strcmp.o)
 .comment       0x0000000000000000       0x24 /home/amilgeorge/altera/15.0/nios2eds/bin/gnu/H-x86_64-pc-linux-gnu/bin/../lib/gcc/nios2-elf/4.9.1/../../../../../H-x86_64-pc-linux-gnu/nios2-elf/lib/libc.a(lib_a-strlen.o)
 .comment       0x0000000000000000       0x24 /home/amilgeorge/altera/15.0/nios2eds/bin/gnu/H-x86_64-pc-linux-gnu/bin/../lib/gcc/nios2-elf/4.9.1/../../../../../H-x86_64-pc-linux-gnu/nios2-elf/lib/libc.a(lib_a-vfiprintf.o)
 .comment       0x0000000000000000       0x24 /home/amilgeorge/altera/15.0/nios2eds/bin/gnu/H-x86_64-pc-linux-gnu/bin/../lib/gcc/nios2-elf/4.9.1/../../../../../H-x86_64-pc-linux-gnu/nios2-elf/lib/libc.a(lib_a-writer.o)
 .comment       0x0000000000000000       0x24 /home/amilgeorge/altera/15.0/nios2eds/bin/gnu/H-x86_64-pc-linux-gnu/bin/../lib/gcc/nios2-elf/4.9.1/../../../../../H-x86_64-pc-linux-gnu/nios2-elf/lib/libc.a(closer.o)
 .comment       0x0000000000000000       0x24 /home/amilgeorge/altera/15.0/nios2eds/bin/gnu/H-x86_64-pc-linux-gnu/bin/../lib/gcc/nios2-elf/4.9.1/../../../../../H-x86_64-pc-linux-gnu/nios2-elf/lib/libc.a(lib_a-callocr.o)
 .comment       0x0000000000000000       0x24 /home/amilgeorge/altera/15.0/nios2eds/bin/gnu/H-x86_64-pc-linux-gnu/bin/../lib/gcc/nios2-elf/4.9.1/../../../../../H-x86_64-pc-linux-gnu/nios2-elf/lib/libc.a(lib_a-fclose.o)
 .comment       0x0000000000000000       0x24 /home/amilgeorge/altera/15.0/nios2eds/bin/gnu/H-x86_64-pc-linux-gnu/bin/../lib/gcc/nios2-elf/4.9.1/../../../../../H-x86_64-pc-linux-gnu/nios2-elf/lib/libc.a(lib_a-fputwc.o)
 .comment       0x0000000000000000       0x24 /home/amilgeorge/altera/15.0/nios2eds/bin/gnu/H-x86_64-pc-linux-gnu/bin/../lib/gcc/nios2-elf/4.9.1/../../../../../H-x86_64-pc-linux-gnu/nios2-elf/lib/libc.a(lib_a-fstatr.o)
 .comment       0x0000000000000000       0x24 /home/amilgeorge/altera/15.0/nios2eds/bin/gnu/H-x86_64-pc-linux-gnu/bin/../lib/gcc/nios2-elf/4.9.1/../../../../../H-x86_64-pc-linux-gnu/nios2-elf/lib/libc.a(lib_a-fvwrite.o)
 .comment       0x0000000000000000       0x24 /home/amilgeorge/altera/15.0/nios2eds/bin/gnu/H-x86_64-pc-linux-gnu/bin/../lib/gcc/nios2-elf/4.9.1/../../../../../H-x86_64-pc-linux-gnu/nios2-elf/lib/libc.a(lib_a-int_errno.o)
 .comment       0x0000000000000000       0x24 /home/amilgeorge/altera/15.0/nios2eds/bin/gnu/H-x86_64-pc-linux-gnu/bin/../lib/gcc/nios2-elf/4.9.1/../../../../../H-x86_64-pc-linux-gnu/nios2-elf/lib/libc.a(lib_a-isattyr.o)
 .comment       0x0000000000000000       0x24 /home/amilgeorge/altera/15.0/nios2eds/bin/gnu/H-x86_64-pc-linux-gnu/bin/../lib/gcc/nios2-elf/4.9.1/../../../../../H-x86_64-pc-linux-gnu/nios2-elf/lib/libc.a(lib_a-lseekr.o)
 .comment       0x0000000000000000       0x24 /home/amilgeorge/altera/15.0/nios2eds/bin/gnu/H-x86_64-pc-linux-gnu/bin/../lib/gcc/nios2-elf/4.9.1/../../../../../H-x86_64-pc-linux-gnu/nios2-elf/lib/libc.a(lib_a-memmove.o)
 .comment       0x0000000000000000       0x24 /home/amilgeorge/altera/15.0/nios2eds/bin/gnu/H-x86_64-pc-linux-gnu/bin/../lib/gcc/nios2-elf/4.9.1/../../../../../H-x86_64-pc-linux-gnu/nios2-elf/lib/libc.a(lib_a-readr.o)
 .comment       0x0000000000000000       0x24 /home/amilgeorge/altera/15.0/nios2eds/bin/gnu/H-x86_64-pc-linux-gnu/bin/../lib/gcc/nios2-elf/4.9.1/../../../../../H-x86_64-pc-linux-gnu/nios2-elf/lib/libc.a(lib_a-reallocr.o)
 .comment       0x0000000000000000       0x24 /home/amilgeorge/altera/15.0/nios2eds/bin/gnu/H-x86_64-pc-linux-gnu/bin/../lib/gcc/nios2-elf/4.9.1/../../../../../H-x86_64-pc-linux-gnu/nios2-elf/lib/libc.a(lib_a-wbuf.o)
 .comment       0x0000000000000000       0x24 /home/amilgeorge/altera/15.0/nios2eds/bin/gnu/H-x86_64-pc-linux-gnu/bin/../lib/gcc/nios2-elf/4.9.1/../../../../../H-x86_64-pc-linux-gnu/nios2-elf/lib/libc.a(lib_a-wcrtomb.o)
 .comment       0x0000000000000000       0x24 /home/amilgeorge/altera/15.0/nios2eds/bin/gnu/H-x86_64-pc-linux-gnu/bin/../lib/gcc/nios2-elf/4.9.1/../../../../../H-x86_64-pc-linux-gnu/nios2-elf/lib/libc.a(lib_a-wctomb_r.o)
 .comment       0x0000000000000000       0x24 /home/amilgeorge/altera/15.0/nios2eds/bin/gnu/H-x86_64-pc-linux-gnu/bin/../lib/gcc/nios2-elf/4.9.1/libgcc.a(_udivdi3.o)
 .comment       0x0000000000000000       0x24 /home/amilgeorge/altera/15.0/nios2eds/bin/gnu/H-x86_64-pc-linux-gnu/bin/../lib/gcc/nios2-elf/4.9.1/libgcc.a(_umoddi3.o)
 .comment       0x0000000000000000       0x24 /home/amilgeorge/altera/15.0/nios2eds/bin/gnu/H-x86_64-pc-linux-gnu/bin/../lib/gcc/nios2-elf/4.9.1/libgcc.a(lib2-divmod.o)
 .comment       0x0000000000000000       0x24 /home/amilgeorge/altera/15.0/nios2eds/bin/gnu/H-x86_64-pc-linux-gnu/bin/../lib/gcc/nios2-elf/4.9.1/libgcc.a(adddf3.o)
 .comment       0x0000000000000000       0x24 /home/amilgeorge/altera/15.0/nios2eds/bin/gnu/H-x86_64-pc-linux-gnu/bin/../lib/gcc/nios2-elf/4.9.1/libgcc.a(divdf3.o)
 .comment       0x0000000000000000       0x24 /home/amilgeorge/altera/15.0/nios2eds/bin/gnu/H-x86_64-pc-linux-gnu/bin/../lib/gcc/nios2-elf/4.9.1/libgcc.a(eqdf2.o)
 .comment       0x0000000000000000       0x24 /home/amilgeorge/altera/15.0/nios2eds/bin/gnu/H-x86_64-pc-linux-gnu/bin/../lib/gcc/nios2-elf/4.9.1/libgcc.a(gedf2.o)
 .comment       0x0000000000000000       0x24 /home/amilgeorge/altera/15.0/nios2eds/bin/gnu/H-x86_64-pc-linux-gnu/bin/../lib/gcc/nios2-elf/4.9.1/libgcc.a(ledf2.o)
 .comment       0x0000000000000000       0x24 /home/amilgeorge/altera/15.0/nios2eds/bin/gnu/H-x86_64-pc-linux-gnu/bin/../lib/gcc/nios2-elf/4.9.1/libgcc.a(muldf3.o)
 .comment       0x0000000000000000       0x24 /home/amilgeorge/altera/15.0/nios2eds/bin/gnu/H-x86_64-pc-linux-gnu/bin/../lib/gcc/nios2-elf/4.9.1/libgcc.a(subdf3.o)
 .comment       0x0000000000000000       0x24 /home/amilgeorge/altera/15.0/nios2eds/bin/gnu/H-x86_64-pc-linux-gnu/bin/../lib/gcc/nios2-elf/4.9.1/libgcc.a(fixdfsi.o)
 .comment       0x0000000000000000       0x24 /home/amilgeorge/altera/15.0/nios2eds/bin/gnu/H-x86_64-pc-linux-gnu/bin/../lib/gcc/nios2-elf/4.9.1/libgcc.a(floatsidf.o)
 .comment       0x0000000000000000       0x24 /home/amilgeorge/altera/15.0/nios2eds/bin/gnu/H-x86_64-pc-linux-gnu/bin/../lib/gcc/nios2-elf/4.9.1/libgcc.a(floatunsidf.o)
 .comment       0x0000000000000000       0x24 /home/amilgeorge/altera/15.0/nios2eds/bin/gnu/H-x86_64-pc-linux-gnu/bin/../lib/gcc/nios2-elf/4.9.1/libgcc.a(_clz.o)
 .comment       0x0000000000000000       0x24 /home/amilgeorge/altera/15.0/nios2eds/bin/gnu/H-x86_64-pc-linux-gnu/bin/../lib/gcc/nios2-elf/4.9.1/libgcc.a(_clzsi2.o)
 .comment       0x0000000000000000       0x24 ../Camera_test_bsp//libhal_bsp.a(alt_close.o)
 .comment       0x0000000000000000       0x24 ../Camera_test_bsp//libhal_bsp.a(alt_dev.o)
 .comment       0x0000000000000000       0x24 ../Camera_test_bsp//libhal_bsp.a(alt_errno.o)
 .comment       0x0000000000000000       0x24 ../Camera_test_bsp//libhal_bsp.a(alt_fstat.o)
 .comment       0x0000000000000000       0x24 ../Camera_test_bsp//libhal_bsp.a(alt_isatty.o)
 .comment       0x0000000000000000       0x24 ../Camera_test_bsp//libhal_bsp.a(alt_load.o)
 .comment       0x0000000000000000       0x24 ../Camera_test_bsp//libhal_bsp.a(alt_lseek.o)
 .comment       0x0000000000000000       0x24 ../Camera_test_bsp//libhal_bsp.a(alt_main.o)
 .comment       0x0000000000000000       0x24 ../Camera_test_bsp//libhal_bsp.a(alt_malloc_lock.o)
 .comment       0x0000000000000000       0x24 ../Camera_test_bsp//libhal_bsp.a(alt_read.o)
 .comment       0x0000000000000000       0x24 ../Camera_test_bsp//libhal_bsp.a(alt_release_fd.o)
 .comment       0x0000000000000000       0x24 ../Camera_test_bsp//libhal_bsp.a(alt_sbrk.o)
 .comment       0x0000000000000000       0x24 ../Camera_test_bsp//libhal_bsp.a(alt_usleep.o)
 .comment       0x0000000000000000       0x24 ../Camera_test_bsp//libhal_bsp.a(alt_write.o)
 .comment       0x0000000000000000       0x24 ../Camera_test_bsp//libhal_bsp.a(alt_sys_init.o)
 .comment       0x0000000000000000       0x24 ../Camera_test_bsp//libhal_bsp.a(altera_avalon_jtag_uart_fd.o)
 .comment       0x0000000000000000       0x24 ../Camera_test_bsp//libhal_bsp.a(altera_avalon_jtag_uart_init.o)
 .comment       0x0000000000000000       0x24 ../Camera_test_bsp//libhal_bsp.a(altera_avalon_jtag_uart_ioctl.o)
 .comment       0x0000000000000000       0x24 ../Camera_test_bsp//libhal_bsp.a(altera_avalon_jtag_uart_read.o)
 .comment       0x0000000000000000       0x24 ../Camera_test_bsp//libhal_bsp.a(altera_avalon_jtag_uart_write.o)
 .comment       0x0000000000000000       0x24 ../Camera_test_bsp//libhal_bsp.a(altera_avalon_timer_sc.o)
 .comment       0x0000000000000000       0x24 ../Camera_test_bsp//libhal_bsp.a(alt_alarm_start.o)
 .comment       0x0000000000000000       0x24 ../Camera_test_bsp//libhal_bsp.a(alt_busy_sleep.o)
 .comment       0x0000000000000000       0x24 ../Camera_test_bsp//libhal_bsp.a(alt_dcache_flush_all.o)
 .comment       0x0000000000000000       0x24 ../Camera_test_bsp//libhal_bsp.a(alt_dev_llist_insert.o)
 .comment       0x0000000000000000       0x24 ../Camera_test_bsp//libhal_bsp.a(alt_do_ctors.o)
 .comment       0x0000000000000000       0x24 ../Camera_test_bsp//libhal_bsp.a(alt_do_dtors.o)
 .comment       0x0000000000000000       0x24 ../Camera_test_bsp//libhal_bsp.a(alt_icache_flush_all.o)
 .comment       0x0000000000000000       0x24 ../Camera_test_bsp//libhal_bsp.a(alt_iic.o)
 .comment       0x0000000000000000       0x24 ../Camera_test_bsp//libhal_bsp.a(alt_iic_isr_register.o)
 .comment       0x0000000000000000       0x24 ../Camera_test_bsp//libhal_bsp.a(alt_io_redirect.o)
 .comment       0x0000000000000000       0x24 ../Camera_test_bsp//libhal_bsp.a(alt_irq_handler.o)
 .comment       0x0000000000000000       0x24 ../Camera_test_bsp//libhal_bsp.a(alt_irq_vars.o)
 .comment       0x0000000000000000       0x24 ../Camera_test_bsp//libhal_bsp.a(alt_open.o)
 .comment       0x0000000000000000       0x24 ../Camera_test_bsp//libhal_bsp.a(alt_tick.o)
 .comment       0x0000000000000000       0x24 ../Camera_test_bsp//libhal_bsp.a(altera_nios2_irq.o)
 .comment       0x0000000000000000       0x24 ../Camera_test_bsp//libhal_bsp.a(alt_find_dev.o)
 .comment       0x0000000000000000       0x24 ../Camera_test_bsp//libhal_bsp.a(alt_find_file.o)
 .comment       0x0000000000000000       0x24 ../Camera_test_bsp//libhal_bsp.a(alt_get_fd.o)
 .comment       0x0000000000000000       0x24 ../Camera_test_bsp//libhal_bsp.a(alt_icache_flush.o)
 .comment       0x0000000000000000       0x24 /home/amilgeorge/altera/15.0/nios2eds/bin/gnu/H-x86_64-pc-linux-gnu/bin/../lib/gcc/nios2-elf/4.9.1/../../../../../H-x86_64-pc-linux-gnu/nios2-elf/lib/libc.a(lib_a-atexit.o)
 .comment       0x0000000000000000       0x24 /home/amilgeorge/altera/15.0/nios2eds/bin/gnu/H-x86_64-pc-linux-gnu/bin/../lib/gcc/nios2-elf/4.9.1/../../../../../H-x86_64-pc-linux-gnu/nios2-elf/lib/libc.a(lib_a-exit.o)
 .comment       0x0000000000000000       0x24 /home/amilgeorge/altera/15.0/nios2eds/bin/gnu/H-x86_64-pc-linux-gnu/bin/../lib/gcc/nios2-elf/4.9.1/../../../../../H-x86_64-pc-linux-gnu/nios2-elf/lib/libc.a(lib_a-memcmp.o)
 .comment       0x0000000000000000       0x24 /home/amilgeorge/altera/15.0/nios2eds/bin/gnu/H-x86_64-pc-linux-gnu/bin/../lib/gcc/nios2-elf/4.9.1/../../../../../H-x86_64-pc-linux-gnu/nios2-elf/lib/libc.a(lib_a-__atexit.o)
 .comment       0x0000000000000000       0x24 /home/amilgeorge/altera/15.0/nios2eds/bin/gnu/H-x86_64-pc-linux-gnu/bin/../lib/gcc/nios2-elf/4.9.1/../../../../../H-x86_64-pc-linux-gnu/nios2-elf/lib/libc.a(lib_a-__call_atexit.o)
 .comment       0x0000000000000000       0x24 ../Camera_test_bsp//libhal_bsp.a(alt_exit.o)

.debug
 *(.debug)

.line
 *(.line)

.debug_srcinfo
 *(.debug_srcinfo)

.debug_sfnames
 *(.debug_sfnames)

.debug_aranges  0x0000000000000000      0xce8
 *(.debug_aranges)
 .debug_aranges
                0x0000000000000000       0x28 ../Camera_test_bsp//obj/HAL/src/crt0.o
 .debug_aranges
                0x0000000000000028       0x20 obj/default/main_cam_read.o
 .debug_aranges
                0x0000000000000048       0x20 /home/amilgeorge/altera/15.0/nios2eds/bin/gnu/H-x86_64-pc-linux-gnu/bin/../lib/gcc/nios2-elf/4.9.1/../../../../../H-x86_64-pc-linux-gnu/nios2-elf/lib/libc.a(lib_a-printf.o)
 .debug_aranges
                0x0000000000000068       0x20 /home/amilgeorge/altera/15.0/nios2eds/bin/gnu/H-x86_64-pc-linux-gnu/bin/../lib/gcc/nios2-elf/4.9.1/../../../../../H-x86_64-pc-linux-gnu/nios2-elf/lib/libc.a(lib_a-vfprintf.o)
 .debug_aranges
                0x0000000000000088       0x20 /home/amilgeorge/altera/15.0/nios2eds/bin/gnu/H-x86_64-pc-linux-gnu/bin/../lib/gcc/nios2-elf/4.9.1/../../../../../H-x86_64-pc-linux-gnu/nios2-elf/lib/libc.a(lib_a-wsetup.o)
 .debug_aranges
                0x00000000000000a8       0x20 /home/amilgeorge/altera/15.0/nios2eds/bin/gnu/H-x86_64-pc-linux-gnu/bin/../lib/gcc/nios2-elf/4.9.1/../../../../../H-x86_64-pc-linux-gnu/nios2-elf/lib/libc.a(lib_a-dtoa.o)
 .debug_aranges